
 Start         Length     Name                   Class
 0001:00000000 0016B428H .text                   CODE
 0002:00000000 00002BF4H .data                   DATA
 0002:00002BF4 041A0561H .bss                    BSS


Detailed map of segments

 0001:00000000 00005DFB C=CODE     S=.text    G=(none)   M=System   ACBP=A9
 0001:00005DFC 00000140 C=CODE     S=.text    G=(none)   M=SysInit  ACBP=A9
 0001:00005F3C 00000108 C=CODE     S=.text    G=(none)   M=Types    ACBP=A9
 0001:00006044 00000ED8 C=CODE     S=.text    G=(none)   M=Windows  ACBP=A9
 0001:00006F1C 00000038 C=CODE     S=.text    G=(none)   M=Messages ACBP=A9
 0001:00006F54 00000338 C=CODE     S=.text    G=(none)   M=SysConst ACBP=A9
 0001:0000728C 00006E28 C=CODE     S=.text    G=(none)   M=SysUtils ACBP=A9
 0001:0000E0B4 0000081B C=CODE     S=.text    G=(none)   M=VarUtils ACBP=A9
 0001:0000E8D0 00008042 C=CODE     S=.text    G=(none)   M=Variants ACBP=A9
 0001:00016914 00000188 C=CODE     S=.text    G=(none)   M=RTLConsts ACBP=A9
 0001:00016A9C 0000083C C=CODE     S=.text    G=(none)   M=TypInfo  ACBP=A9
 0001:000172D8 00000358 C=CODE     S=.text    G=(none)   M=ActiveX  ACBP=A9
 0001:00017630 0000A236 C=CODE     S=.text    G=(none)   M=Classes  ACBP=A9
 0001:00021868 00000370 C=CODE     S=.text    G=(none)   M=Consts   ACBP=A9
 0001:00021BD8 00009BFB C=CODE     S=.text    G=(none)   M=Graphics ACBP=A9
 0001:0002B7D4 00000124 C=CODE     S=.text    G=(none)   M=Math     ACBP=A9
 0001:0002B8F8 000002B8 C=CODE     S=.text    G=(none)   M=Contnrs  ACBP=A9
 0001:0002BBB0 00000198 C=CODE     S=.text    G=(none)   M=CommCtrl ACBP=A9
 0001:0002BD48 00000787 C=CODE     S=.text    G=(none)   M=MultiMon ACBP=A9
 0001:0002C4D0 00000038 C=CODE     S=.text    G=(none)   M=Imm      ACBP=A9
 0001:0002C508 00000FF8 C=CODE     S=.text    G=(none)   M=HelpIntfs ACBP=A9
 0001:0002D500 00000058 C=CODE     S=.text    G=(none)   M=WinSpool ACBP=A9
 0001:0002D558 000010C8 C=CODE     S=.text    G=(none)   M=Printers ACBP=A9
 0001:0002E620 0000031F C=CODE     S=.text    G=(none)   M=FlatSB   ACBP=A9
 0001:0002E940 000001A4 C=CODE     S=.text    G=(none)   M=SyncObjs ACBP=A9
 0001:0002EAE4 000009BB C=CODE     S=.text    G=(none)   M=UxTheme  ACBP=A9
 0001:0002F4A0 00000038 C=CODE     S=.text    G=(none)   M=RichEdit ACBP=A9
 0001:0002F4D8 00000038 C=CODE     S=.text    G=(none)   M=ToolWin  ACBP=A9
 0001:0002F510 00000040 C=CODE     S=.text    G=(none)   M=ShellAPI ACBP=A9
 0001:0002F550 00000038 C=CODE     S=.text    G=(none)   M=RegStr   ACBP=A9
 0001:0002F588 00000058 C=CODE     S=.text    G=(none)   M=WinInet  ACBP=A9
 0001:0002F5E0 00000038 C=CODE     S=.text    G=(none)   M=UrlMon   ACBP=A9
 0001:0002F618 0000006C C=CODE     S=.text    G=(none)   M=ShlObj   ACBP=A9
 0001:0002F684 00000060 C=CODE     S=.text    G=(none)   M=CommDlg  ACBP=A9
 0001:0002F6E4 00000038 C=CODE     S=.text    G=(none)   M=Dlgs     ACBP=A9
 0001:0002F71C 000036D1 C=CODE     S=.text    G=(none)   M=Dialogs  ACBP=A9
 0001:00032DF0 00004ADA C=CODE     S=.text    G=(none)   M=ExtCtrls ACBP=A9
 0001:000378CC 00000090 C=CODE     S=.text    G=(none)   M=ComStrs  ACBP=A9
 0001:0003795C 000007A0 C=CODE     S=.text    G=(none)   M=Clipbrd  ACBP=A9
 0001:000380FC 00000128 C=CODE     S=.text    G=(none)   M=StrUtils ACBP=A9
 0001:00038224 00003821 C=CODE     S=.text    G=(none)   M=Buttons  ACBP=A9
 0001:0003BA48 00000038 C=CODE     S=.text    G=(none)   M=ExtDlgs  ACBP=A9
 0001:0003BA80 00000068 C=CODE     S=.text    G=(none)   M=IniFiles ACBP=A9
 0001:0003BAE8 00000068 C=CODE     S=.text    G=(none)   M=Registry ACBP=A9
 0001:0003BB50 0000006C C=CODE     S=.text    G=(none)   M=Mapi     ACBP=A9
 0001:0003BBBC 00000058 C=CODE     S=.text    G=(none)   M=ExtActns ACBP=A9
 0001:0003BC14 00000038 C=CODE     S=.text    G=(none)   M=ListActns ACBP=A9
 0001:0003BC4C 00009948 C=CODE     S=.text    G=(none)   M=ComCtrls ACBP=A9
 0001:00045594 00000EA0 C=CODE     S=.text    G=(none)   M=Themes   ACBP=A9
 0001:00046434 0000D390 C=CODE     S=.text    G=(none)   M=StdCtrls ACBP=A9
 0001:000537C4 00000168 C=CODE     S=.text    G=(none)   M=StdActns ACBP=A9
 0001:0005392C 00000D1F C=CODE     S=.text    G=(none)   M=WinHelpViewer ACBP=A9
 0001:0005464C 00011403 C=CODE     S=.text    G=(none)   M=Controls ACBP=A9
 0001:00065A50 00001292 C=CODE     S=.text    G=(none)   M=ActnList ACBP=A9
 0001:00066CE4 00001B9C C=CODE     S=.text    G=(none)   M=ImgList  ACBP=A9
 0001:00068880 000066E1 C=CODE     S=.text    G=(none)   M=Menus    ACBP=A9
 0001:0006EF64 0000CEFC C=CODE     S=.text    G=(none)   M=Forms    ACBP=A9
 0001:0007BE60 00000060 C=CODE     S=.text    G=(none)   M=ComConst ACBP=A9
 0001:0007BEC0 00001259 C=CODE     S=.text    G=(none)   M=ComObj   ACBP=A9
 0001:0007D11C 00000038 C=CODE     S=.text    G=(none)   M=StdVCL   ACBP=A9
 0001:0007D154 00001793 C=CODE     S=.text    G=(none)   M=AxCtrls  ACBP=A9
 0001:0007E8E8 00000060 C=CODE     S=.text    G=(none)   M=OleConst ACBP=A9
 0001:0007E948 00003519 C=CODE     S=.text    G=(none)   M=OleCtrls ACBP=A9
 0001:00081E64 00000050 C=CODE     S=.text    G=(none)   M=JConsts  ACBP=A9
 0001:00081EB4 000133EC C=CODE     S=.text    G=(none)   M=jpeg     ACBP=A9
 0001:000952A0 00000314 C=CODE     S=.text    G=(none)   M=TlHelp32 ACBP=A9
 0001:000955B4 000000D8 C=CODE     S=.text    G=(none)   M=WinSock  ACBP=A9
 0001:0009568C 00001F40 C=CODE     S=.text    G=(none)   M=ScktComp ACBP=A9
 0001:000975CC 000008EA C=CODE     S=.text    G=(none)   M=OleServer ACBP=A9
 0001:00097EB8 00000598 C=CODE     S=.text    G=(none)   M=MSCommLib_TLB ACBP=A9
 0001:00098450 00000040 C=CODE     S=.text    G=(none)   M=MMSystem ACBP=A9
 0001:00098490 00000038 C=CODE     S=.text    G=(none)   M=Nb30     ACBP=A9
 0001:000984C8 00000A18 C=CODE     S=.text    G=(none)   M=MaskUtils ACBP=A9
 0001:00098EE0 00002108 C=CODE     S=.text    G=(none)   M=Mask     ACBP=A9
 0001:0009AFE8 0000924C C=CODE     S=.text    G=(none)   M=Grids    ACBP=A9
 0001:000A4234 000015B4 C=CODE     S=.text    G=(none)   M=UnitPilote ACBP=A9
 0001:000A57E8 000004D0 C=CODE     S=.text    G=(none)   M=Importation ACBP=A9
 0001:000A5CB8 0000FE58 C=CODE     S=.text    G=(none)   M=UnitAnalyseSegCDM ACBP=A9
 0001:000B5B10 000025F4 C=CODE     S=.text    G=(none)   M=UnitConfigTCO ACBP=A9
 0001:000B8104 000009C0 C=CODE     S=.text    G=(none)   M=Unit_Pilote_aig ACBP=A9
 0001:000B8AC4 00003450 C=CODE     S=.text    G=(none)   M=UnitConfigCellTCO ACBP=A9
 0001:000BBF14 0002B264 C=CODE     S=.text    G=(none)   M=UnitTCO  ACBP=A9
 0001:000E7178 00002C18 C=CODE     S=.text    G=(none)   M=UnitSR   ACBP=A9
 0001:000E9D90 00002404 C=CODE     S=.text    G=(none)   M=UnitCDF  ACBP=A9
 0001:000EC194 000015C7 C=CODE     S=.text    G=(none)   M=verif_version ACBP=A9
 0001:000ED75C 0000114C C=CODE     S=.text    G=(none)   M=UnitPareFeu ACBP=A9
 0001:000EE8A8 00034684 C=CODE     S=.text    G=(none)   M=UnitConfig ACBP=A9
 0001:00122F2C 00002904 C=CODE     S=.text    G=(none)   M=UnitDebug ACBP=A9
 0001:00125830 00000C00 C=CODE     S=.text    G=(none)   M=UnitSimule ACBP=A9
 0001:00126430 00002390 C=CODE     S=.text    G=(none)   M=Unitplace ACBP=A9
 0001:001287C0 000427D8 C=CODE     S=.text    G=(none)   M=UnitPrinc ACBP=A9
 0001:0016AF98 0000048D C=CODE     S=.text    G=(none)   M=Signaux_complexes_GL ACBP=A9
 0002:00000000 000000CC C=DATA     S=.data    G=DGROUP   M=System   ACBP=A9
 0002:000000CC 00000020 C=DATA     S=.data    G=DGROUP   M=SysInit  ACBP=A9
 0002:000000EC 00000254 C=DATA     S=.data    G=DGROUP   M=SysUtils ACBP=A9
 0002:00000340 00000008 C=DATA     S=.data    G=DGROUP   M=VarUtils ACBP=A9
 0002:00000348 000001B2 C=DATA     S=.data    G=DGROUP   M=Variants ACBP=A9
 0002:000004FC 0000000C C=DATA     S=.data    G=DGROUP   M=TypInfo  ACBP=A9
 0002:00000508 00000010 C=DATA     S=.data    G=DGROUP   M=ActiveX  ACBP=A9
 0002:00000518 00000064 C=DATA     S=.data    G=DGROUP   M=Classes  ACBP=A9
 0002:0000057C 0000030C C=DATA     S=.data    G=DGROUP   M=Graphics ACBP=A9
 0002:00000888 00000004 C=DATA     S=.data    G=DGROUP   M=Printers ACBP=A9
 0002:0000088C 00000180 C=DATA     S=.data    G=DGROUP   M=Dialogs  ACBP=A9
 0002:00000A0C 0000018C C=DATA     S=.data    G=DGROUP   M=ExtCtrls ACBP=A9
 0002:00000B98 0000009E C=DATA     S=.data    G=DGROUP   M=Buttons  ACBP=A9
 0002:00000C38 00000008 C=DATA     S=.data    G=DGROUP   M=IniFiles ACBP=A9
 0002:00000C40 00000008 C=DATA     S=.data    G=DGROUP   M=Registry ACBP=A9
 0002:00000C48 00000008 C=DATA     S=.data    G=DGROUP   M=Mapi     ACBP=A9
 0002:00000C50 000000B9 C=DATA     S=.data    G=DGROUP   M=ComCtrls ACBP=A9
 0002:00000D0C 00000068 C=DATA     S=.data    G=DGROUP   M=Themes   ACBP=A9
 0002:00000D74 00000178 C=DATA     S=.data    G=DGROUP   M=StdCtrls ACBP=A9
 0002:00000EEC 0000013C C=DATA     S=.data    G=DGROUP   M=Controls ACBP=A9
 0002:00001028 00000020 C=DATA     S=.data    G=DGROUP   M=ImgList  ACBP=A9
 0002:00001048 000000EC C=DATA     S=.data    G=DGROUP   M=Menus    ACBP=A9
 0002:00001134 00000124 C=DATA     S=.data    G=DGROUP   M=Forms    ACBP=A9
 0002:00001258 00000030 C=DATA     S=.data    G=DGROUP   M=ComObj   ACBP=A9
 0002:00001288 0000002C C=DATA     S=.data    G=DGROUP   M=OleCtrls ACBP=A9
 0002:000012B4 00000908 C=DATA     S=.data    G=DGROUP   M=jpeg     ACBP=A9
 0002:00001BBC 00000058 C=DATA     S=.data    G=DGROUP   M=MSCommLib_TLB ACBP=A9
 0002:00001C14 00000009 C=DATA     S=.data    G=DGROUP   M=MaskUtils ACBP=A9
 0002:00001C20 00000004 C=DATA     S=.data    G=DGROUP   M=Mask     ACBP=A9
 0002:00001C24 00000006 C=DATA     S=.data    G=DGROUP   M=Grids    ACBP=A9
 0002:00001C2C 000000D4 C=DATA     S=.data    G=DGROUP   M=UnitTCO  ACBP=A9
 0002:00001D00 0000060D C=DATA     S=.data    G=DGROUP   M=UnitPrinc ACBP=A9
 0002:00003000 00000664 C=BSS      S=.bss     G=DGROUP   M=System   ACBP=A9
 0002:00003664 00000010 C=BSS      S=.bss     G=DGROUP   M=SysInit  ACBP=A9
 0002:00003674 00000004 C=BSS      S=.bss     G=DGROUP   M=Types    ACBP=A9
 0002:00003678 00000004 C=BSS      S=.bss     G=DGROUP   M=Windows  ACBP=A9
 0002:0000367C 00000004 C=BSS      S=.bss     G=DGROUP   M=Messages ACBP=A9
 0002:00003680 00000004 C=BSS      S=.bss     G=DGROUP   M=SysConst ACBP=A9
 0002:00003684 00000120 C=BSS      S=.bss     G=DGROUP   M=SysUtils ACBP=A9
 0002:000037A4 0000005C C=BSS      S=.bss     G=DGROUP   M=VarUtils ACBP=A9
 0002:00003800 00000040 C=BSS      S=.bss     G=DGROUP   M=Variants ACBP=A9
 0002:00003840 00000004 C=BSS      S=.bss     G=DGROUP   M=RTLConsts ACBP=A9
 0002:00003844 00000004 C=BSS      S=.bss     G=DGROUP   M=TypInfo  ACBP=A9
 0002:00003848 00000004 C=BSS      S=.bss     G=DGROUP   M=ActiveX  ACBP=A9
 0002:0000384C 00000040 C=BSS      S=.bss     G=DGROUP   M=Classes  ACBP=A9
 0002:0000388C 00000004 C=BSS      S=.bss     G=DGROUP   M=Consts   ACBP=A9
 0002:00003890 00000060 C=BSS      S=.bss     G=DGROUP   M=Graphics ACBP=A9
 0002:000038F0 00000004 C=BSS      S=.bss     G=DGROUP   M=Math     ACBP=A9
 0002:000038F4 00000004 C=BSS      S=.bss     G=DGROUP   M=Contnrs  ACBP=A9
 0002:000038F8 0000000C C=BSS      S=.bss     G=DGROUP   M=CommCtrl ACBP=A9
 0002:00003904 00000031 C=BSS      S=.bss     G=DGROUP   M=MultiMon ACBP=A9
 0002:00003938 00000004 C=BSS      S=.bss     G=DGROUP   M=Imm      ACBP=A9
 0002:0000393C 00000008 C=BSS      S=.bss     G=DGROUP   M=HelpIntfs ACBP=A9
 0002:00003944 00000004 C=BSS      S=.bss     G=DGROUP   M=WinSpool ACBP=A9
 0002:00003948 00000004 C=BSS      S=.bss     G=DGROUP   M=Printers ACBP=A9
 0002:0000394C 00000034 C=BSS      S=.bss     G=DGROUP   M=FlatSB   ACBP=A9
 0002:00003980 00000004 C=BSS      S=.bss     G=DGROUP   M=SyncObjs ACBP=A9
 0002:00003984 000000CC C=BSS      S=.bss     G=DGROUP   M=UxTheme  ACBP=A9
 0002:00003A50 00000004 C=BSS      S=.bss     G=DGROUP   M=RichEdit ACBP=A9
 0002:00003A54 00000004 C=BSS      S=.bss     G=DGROUP   M=ToolWin  ACBP=A9
 0002:00003A58 00000004 C=BSS      S=.bss     G=DGROUP   M=ShellAPI ACBP=A9
 0002:00003A5C 00000004 C=BSS      S=.bss     G=DGROUP   M=RegStr   ACBP=A9
 0002:00003A60 00000004 C=BSS      S=.bss     G=DGROUP   M=WinInet  ACBP=A9
 0002:00003A64 00000004 C=BSS      S=.bss     G=DGROUP   M=UrlMon   ACBP=A9
 0002:00003A68 00000004 C=BSS      S=.bss     G=DGROUP   M=ShlObj   ACBP=A9
 0002:00003A6C 00000004 C=BSS      S=.bss     G=DGROUP   M=CommDlg  ACBP=A9
 0002:00003A70 00000004 C=BSS      S=.bss     G=DGROUP   M=Dlgs     ACBP=A9
 0002:00003A74 0000003C C=BSS      S=.bss     G=DGROUP   M=Dialogs  ACBP=A9
 0002:00003AB0 00000004 C=BSS      S=.bss     G=DGROUP   M=ExtCtrls ACBP=A9
 0002:00003AB4 00000004 C=BSS      S=.bss     G=DGROUP   M=ComStrs  ACBP=A9
 0002:00003AB8 0000000C C=BSS      S=.bss     G=DGROUP   M=Clipbrd  ACBP=A9
 0002:00003AC4 00000004 C=BSS      S=.bss     G=DGROUP   M=StrUtils ACBP=A9
 0002:00003AC8 00000030 C=BSS      S=.bss     G=DGROUP   M=Buttons  ACBP=A9
 0002:00003AF8 00000004 C=BSS      S=.bss     G=DGROUP   M=ExtDlgs  ACBP=A9
 0002:00003AFC 00000004 C=BSS      S=.bss     G=DGROUP   M=IniFiles ACBP=A9
 0002:00003B00 00000004 C=BSS      S=.bss     G=DGROUP   M=Registry ACBP=A9
 0002:00003B04 00000004 C=BSS      S=.bss     G=DGROUP   M=Mapi     ACBP=A9
 0002:00003B08 00000009 C=BSS      S=.bss     G=DGROUP   M=ExtActns ACBP=A9
 0002:00003B14 00000004 C=BSS      S=.bss     G=DGROUP   M=ListActns ACBP=A9
 0002:00003B18 00000010 C=BSS      S=.bss     G=DGROUP   M=ComCtrls ACBP=A9
 0002:00003B28 00000008 C=BSS      S=.bss     G=DGROUP   M=Themes   ACBP=A9
 0002:00003B30 00000004 C=BSS      S=.bss     G=DGROUP   M=StdCtrls ACBP=A9
 0002:00003B34 00000004 C=BSS      S=.bss     G=DGROUP   M=StdActns ACBP=A9
 0002:00003B38 00000014 C=BSS      S=.bss     G=DGROUP   M=WinHelpViewer ACBP=A9
 0002:00003B4C 00000080 C=BSS      S=.bss     G=DGROUP   M=Controls ACBP=A9
 0002:00003BCC 00000004 C=BSS      S=.bss     G=DGROUP   M=ActnList ACBP=A9
 0002:00003BD0 0000000C C=BSS      S=.bss     G=DGROUP   M=ImgList  ACBP=A9
 0002:00003BDC 00000010 C=BSS      S=.bss     G=DGROUP   M=Menus    ACBP=A9
 0002:00003BEC 00000020 C=BSS      S=.bss     G=DGROUP   M=Forms    ACBP=A9
 0002:00003C0C 00000004 C=BSS      S=.bss     G=DGROUP   M=ComConst ACBP=A9
 0002:00003C10 00000011 C=BSS      S=.bss     G=DGROUP   M=ComObj   ACBP=A9
 0002:00003C24 00000004 C=BSS      S=.bss     G=DGROUP   M=StdVCL   ACBP=A9
 0002:00003C28 0000001C C=BSS      S=.bss     G=DGROUP   M=AxCtrls  ACBP=A9
 0002:00003C44 00000004 C=BSS      S=.bss     G=DGROUP   M=OleConst ACBP=A9
 0002:00003C48 00000014 C=BSS      S=.bss     G=DGROUP   M=OleCtrls ACBP=A9
 0002:00003C5C 00000004 C=BSS      S=.bss     G=DGROUP   M=JConsts  ACBP=A9
 0002:00003C60 00000004 C=BSS      S=.bss     G=DGROUP   M=jpeg     ACBP=A9
 0002:00003C64 00000048 C=BSS      S=.bss     G=DGROUP   M=TlHelp32 ACBP=A9
 0002:00003CAC 00000004 C=BSS      S=.bss     G=DGROUP   M=WinSock  ACBP=A9
 0002:00003CB0 00000194 C=BSS      S=.bss     G=DGROUP   M=ScktComp ACBP=A9
 0002:00003E44 00000004 C=BSS      S=.bss     G=DGROUP   M=OleServer ACBP=A9
 0002:00003E48 00000004 C=BSS      S=.bss     G=DGROUP   M=MSCommLib_TLB ACBP=A9
 0002:00003E4C 00000004 C=BSS      S=.bss     G=DGROUP   M=MMSystem ACBP=A9
 0002:00003E50 00000004 C=BSS      S=.bss     G=DGROUP   M=Nb30     ACBP=A9
 0002:00003E54 00000004 C=BSS      S=.bss     G=DGROUP   M=MaskUtils ACBP=A9
 0002:00003E58 00000004 C=BSS      S=.bss     G=DGROUP   M=Mask     ACBP=A9
 0002:00003E5C 00000004 C=BSS      S=.bss     G=DGROUP   M=Grids    ACBP=A9
 0002:00003E60 00000010 C=BSS      S=.bss     G=DGROUP   M=UnitPilote ACBP=A9
 0002:00003E70 00000010 C=BSS      S=.bss     G=DGROUP   M=Importation ACBP=A9
 0002:00003E80 00003DC0 C=BSS      S=.bss     G=DGROUP   M=UnitAnalyseSegCDM ACBP=A9
 0002:00007C40 00000014 C=BSS      S=.bss     G=DGROUP   M=UnitConfigTCO ACBP=A9
 0002:00007C54 00000014 C=BSS      S=.bss     G=DGROUP   M=Unit_Pilote_aig ACBP=A9
 0002:00007C68 00000014 C=BSS      S=.bss     G=DGROUP   M=UnitConfigCellTCO ACBP=A9
 0002:00007C7C 00041DA4 C=BSS      S=.bss     G=DGROUP   M=UnitTCO  ACBP=A9
 0002:00049A20 00000010 C=BSS      S=.bss     G=DGROUP   M=UnitSR   ACBP=A9
 0002:00049A30 00000014 C=BSS      S=.bss     G=DGROUP   M=UnitCDF  ACBP=A9
 0002:00049A44 00000014 C=BSS      S=.bss     G=DGROUP   M=verif_version ACBP=A9
 0002:00049A58 00000004 C=BSS      S=.bss     G=DGROUP   M=UnitPareFeu ACBP=A9
 0002:00049A5C 00000388 C=BSS      S=.bss     G=DGROUP   M=UnitConfig ACBP=A9
 0002:00049DE4 00000028 C=BSS      S=.bss     G=DGROUP   M=UnitDebug ACBP=A9
 0002:00049E0C 0000000C C=BSS      S=.bss     G=DGROUP   M=UnitSimule ACBP=A9
 0002:00049E18 00000008 C=BSS      S=.bss     G=DGROUP   M=Unitplace ACBP=A9
 0002:00049E20 04159740 C=BSS      S=.bss     G=DGROUP   M=UnitPrinc ACBP=A9

Bound resource files

c:\program files (x86)\borland\delphi7\Lib\Buttons.res
c:\program files (x86)\borland\delphi7\Lib\ExtDlgs.res
c:\program files (x86)\borland\delphi7\Lib\Controls.res
UnitPilote.dfm
Importation.dfm
UnitAnalyseSegCDM.dfm
UnitConfigTCO.dfm
Unit_Pilote_aig.dfm
UnitConfigCellTCO.dfm
UnitTCO.dfm
UnitSR.dfm
UnitCDF.dfm
verif_version.dfm
UnitConfig.dfm
UnitDebug.dfm
UnitSimule.dfm
Unitplace.dfm
UnitPrinc.dfm
Signaux_complexes_GL.res
Signaux_complexes_GL.drf


Program entry point at 0001:0016B2A8
