
 Start         Length     Name                   Class
 0001:00000000 001D7FBCH .text                   CODE
 0002:00000000 00003150H .data                   DATA
 0002:00003150 29020CC1H .bss                    BSS


Detailed map of segments

 0001:00000000 00005EFF C=CODE     S=.text    G=(none)   M=System   ACBP=A9
 0001:00005F00 00000140 C=CODE     S=.text    G=(none)   M=SysInit  ACBP=A9
 0001:00006040 00000134 C=CODE     S=.text    G=(none)   M=Types    ACBP=A9
 0001:00006174 00000F38 C=CODE     S=.text    G=(none)   M=Windows  ACBP=A9
 0001:000070AC 00000038 C=CODE     S=.text    G=(none)   M=Messages ACBP=A9
 0001:000070E4 00000340 C=CODE     S=.text    G=(none)   M=SysConst ACBP=A9
 0001:00007424 00007A7C C=CODE     S=.text    G=(none)   M=SysUtils ACBP=A9
 0001:0000EEA0 00000823 C=CODE     S=.text    G=(none)   M=VarUtils ACBP=A9
 0001:0000F6C4 000087F6 C=CODE     S=.text    G=(none)   M=Variants ACBP=A9
 0001:00017EBC 000001A0 C=CODE     S=.text    G=(none)   M=RTLConsts ACBP=A9
 0001:0001805C 0000083C C=CODE     S=.text    G=(none)   M=TypInfo  ACBP=A9
 0001:00018898 00000368 C=CODE     S=.text    G=(none)   M=ActiveX  ACBP=A9
 0001:00018C00 0000ABCA C=CODE     S=.text    G=(none)   M=Classes  ACBP=A9
 0001:000237CC 000003B0 C=CODE     S=.text    G=(none)   M=Consts   ACBP=A9
 0001:00023B7C 00009DC7 C=CODE     S=.text    G=(none)   M=Graphics ACBP=A9
 0001:0002D944 00000318 C=CODE     S=.text    G=(none)   M=Math     ACBP=A9
 0001:0002DC5C 000002B8 C=CODE     S=.text    G=(none)   M=Contnrs  ACBP=A9
 0001:0002DF14 0000041C C=CODE     S=.text    G=(none)   M=CommCtrl ACBP=A9
 0001:0002E330 00000787 C=CODE     S=.text    G=(none)   M=MultiMon ACBP=A9
 0001:0002EAB8 00000038 C=CODE     S=.text    G=(none)   M=Imm      ACBP=A9
 0001:0002EAF0 00000FF8 C=CODE     S=.text    G=(none)   M=HelpIntfs ACBP=A9
 0001:0002FAE8 00000058 C=CODE     S=.text    G=(none)   M=WinSpool ACBP=A9
 0001:0002FB40 000010C8 C=CODE     S=.text    G=(none)   M=Printers ACBP=A9
 0001:00030C08 0000031F C=CODE     S=.text    G=(none)   M=FlatSB   ACBP=A9
 0001:00030F28 000003F0 C=CODE     S=.text    G=(none)   M=SyncObjs ACBP=A9
 0001:00031318 000009BB C=CODE     S=.text    G=(none)   M=UxTheme  ACBP=A9
 0001:00031CD4 00000038 C=CODE     S=.text    G=(none)   M=RichEdit ACBP=A9
 0001:00031D0C 00000038 C=CODE     S=.text    G=(none)   M=ToolWin  ACBP=A9
 0001:00031D44 00000040 C=CODE     S=.text    G=(none)   M=ShellAPI ACBP=A9
 0001:00031D84 00000038 C=CODE     S=.text    G=(none)   M=RegStr   ACBP=A9
 0001:00031DBC 00000058 C=CODE     S=.text    G=(none)   M=WinInet  ACBP=A9
 0001:00031E14 00000038 C=CODE     S=.text    G=(none)   M=UrlMon   ACBP=A9
 0001:00031E4C 000000EC C=CODE     S=.text    G=(none)   M=ShlObj   ACBP=A9
 0001:00031F38 00000060 C=CODE     S=.text    G=(none)   M=CommDlg  ACBP=A9
 0001:00031F98 00000038 C=CODE     S=.text    G=(none)   M=Dlgs     ACBP=A9
 0001:00031FD0 00003719 C=CODE     S=.text    G=(none)   M=Dialogs  ACBP=A9
 0001:000356EC 0000602A C=CODE     S=.text    G=(none)   M=ExtCtrls ACBP=A9
 0001:0003B718 000000A0 C=CODE     S=.text    G=(none)   M=ComStrs  ACBP=A9
 0001:0003B7B8 000007A0 C=CODE     S=.text    G=(none)   M=Clipbrd  ACBP=A9
 0001:0003BF58 00000128 C=CODE     S=.text    G=(none)   M=StrUtils ACBP=A9
 0001:0003C080 00003821 C=CODE     S=.text    G=(none)   M=Buttons  ACBP=A9
 0001:0003F8A4 00000038 C=CODE     S=.text    G=(none)   M=ExtDlgs  ACBP=A9
 0001:0003F8DC 00000068 C=CODE     S=.text    G=(none)   M=IniFiles ACBP=A9
 0001:0003F944 00000068 C=CODE     S=.text    G=(none)   M=Registry ACBP=A9
 0001:0003F9AC 0000006C C=CODE     S=.text    G=(none)   M=Mapi     ACBP=A9
 0001:0003FA18 00000058 C=CODE     S=.text    G=(none)   M=ExtActns ACBP=A9
 0001:0003FA70 00000038 C=CODE     S=.text    G=(none)   M=ListActns ACBP=A9
 0001:0003FAA8 0000FDAC C=CODE     S=.text    G=(none)   M=ComCtrls ACBP=A9
 0001:0004F854 00000ECC C=CODE     S=.text    G=(none)   M=Themes   ACBP=A9
 0001:00050720 0000C698 C=CODE     S=.text    G=(none)   M=StdCtrls ACBP=A9
 0001:0005CDB8 00000168 C=CODE     S=.text    G=(none)   M=StdActns ACBP=A9
 0001:0005CF20 00000D1F C=CODE     S=.text    G=(none)   M=WinHelpViewer ACBP=A9
 0001:0005DC40 000114E3 C=CODE     S=.text    G=(none)   M=Controls ACBP=A9
 0001:0006F124 00001292 C=CODE     S=.text    G=(none)   M=ActnList ACBP=A9
 0001:000703B8 00001C04 C=CODE     S=.text    G=(none)   M=ImgList  ACBP=A9
 0001:00071FBC 000066E1 C=CODE     S=.text    G=(none)   M=Menus    ACBP=A9
 0001:000786A0 0000CFC0 C=CODE     S=.text    G=(none)   M=Forms    ACBP=A9
 0001:00085660 00000050 C=CODE     S=.text    G=(none)   M=JConsts  ACBP=A9
 0001:000856B0 000133EC C=CODE     S=.text    G=(none)   M=jpeg     ACBP=A9
 0001:00098A9C 00000060 C=CODE     S=.text    G=(none)   M=ComConst ACBP=A9
 0001:00098AFC 00001259 C=CODE     S=.text    G=(none)   M=ComObj   ACBP=A9
 0001:00099D58 00000038 C=CODE     S=.text    G=(none)   M=StdVCL   ACBP=A9
 0001:00099D90 00001793 C=CODE     S=.text    G=(none)   M=AxCtrls  ACBP=A9
 0001:0009B524 00000060 C=CODE     S=.text    G=(none)   M=OleConst ACBP=A9
 0001:0009B584 00003519 C=CODE     S=.text    G=(none)   M=OleCtrls ACBP=A9
 0001:0009EAA0 00000314 C=CODE     S=.text    G=(none)   M=TlHelp32 ACBP=A9
 0001:0009EDB4 00000128 C=CODE     S=.text    G=(none)   M=WinSock  ACBP=A9
 0001:0009EEDC 00003A78 C=CODE     S=.text    G=(none)   M=ScktComp ACBP=A9
 0001:000A2954 00000040 C=CODE     S=.text    G=(none)   M=MMSystem ACBP=A9
 0001:000A2994 00000040 C=CODE     S=.text    G=(none)   M=Nb30     ACBP=A9
 0001:000A29D4 000008EA C=CODE     S=.text    G=(none)   M=OleServer ACBP=A9
 0001:000A32C0 00000598 C=CODE     S=.text    G=(none)   M=MSCommLib_TLB ACBP=A9
 0001:000A3858 00000A18 C=CODE     S=.text    G=(none)   M=MaskUtils ACBP=A9
 0001:000A4270 00002108 C=CODE     S=.text    G=(none)   M=Mask     ACBP=A9
 0001:000A6378 0000A8EC C=CODE     S=.text    G=(none)   M=Grids    ACBP=A9
 0001:000B0C64 00001BFC C=CODE     S=.text    G=(none)   M=Spin     ACBP=A9
 0001:000B2860 00003118 C=CODE     S=.text    G=(none)   M=ValEdit  ACBP=A9
 0001:000B5978 000039EA C=CODE     S=.text    G=(none)   M=UnitPilote ACBP=A9
 0001:000B9364 0000057C C=CODE     S=.text    G=(none)   M=Importation ACBP=A9
 0001:000B98E0 00015298 C=CODE     S=.text    G=(none)   M=UnitAnalyseSegCDM ACBP=A9
 0001:000CEB78 00003264 C=CODE     S=.text    G=(none)   M=UnitConfigTCO ACBP=A9
 0001:000D1DDC 00000D98 C=CODE     S=.text    G=(none)   M=Unit_Pilote_aig ACBP=A9
 0001:000D2B74 000017CC C=CODE     S=.text    G=(none)   M=UnitFicheHoraire ACBP=A9
 0001:000D4340 00000038 C=CODE     S=.text    G=(none)   M=ShellConsts ACBP=A9
 0001:000D4378 000004E0 C=CODE     S=.text    G=(none)   M=ShellCtrls ACBP=A9
 0001:000D4858 00002638 C=CODE     S=.text    G=(none)   M=UnitRoute ACBP=A9
 0001:000D6E90 00003E38 C=CODE     S=.text    G=(none)   M=UnitRouteTrains ACBP=A9
 0001:000DACC8 0000028C C=CODE     S=.text    G=(none)   M=UnitInfo ACBP=A9
 0001:000DAF54 00002B78 C=CODE     S=.text    G=(none)   M=selection_train ACBP=A9
 0001:000DDACC 00005630 C=CODE     S=.text    G=(none)   M=UnitConfigCellTCO ACBP=A9
 0001:000E30FC 00001628 C=CODE     S=.text    G=(none)   M=UnitClock ACBP=A9
 0001:000E4724 00000320 C=CODE     S=.text    G=(none)   M=UnitIntro ACBP=A9
 0001:000E4A44 00040FA8 C=CODE     S=.text    G=(none)   M=UnitTCO  ACBP=A9
 0001:001259EC 00003B8C C=CODE     S=.text    G=(none)   M=UnitSR   ACBP=A9
 0001:00129578 0000279C C=CODE     S=.text    G=(none)   M=UnitCDF  ACBP=A9
 0001:0012BD14 00008D6C C=CODE     S=.text    G=(none)   M=UnitModifAction ACBP=A9
 0001:00134A80 00000F6C C=CODE     S=.text    G=(none)   M=UnitHorloge ACBP=A9
 0001:001359EC 000025CB C=CODE     S=.text    G=(none)   M=verif_version ACBP=A9
 0001:00137FB8 00001190 C=CODE     S=.text    G=(none)   M=UnitPareFeu ACBP=A9
 0001:00139148 00000D9C C=CODE     S=.text    G=(none)   M=UnitSimule ACBP=A9
 0001:00139EE4 00000BA8 C=CODE     S=.text    G=(none)   M=UnitMesure ACBP=A9
 0001:0013AA8C 0004F494 C=CODE     S=.text    G=(none)   M=Unitprinc ACBP=A9
 0001:00189F20 0004ABB0 C=CODE     S=.text    G=(none)   M=UnitConfig ACBP=A9
 0001:001D4AD0 00002EE8 C=CODE     S=.text    G=(none)   M=UnitDebug ACBP=A9
 0001:001D79B8 00000604 C=CODE     S=.text    G=(none)   M=Signaux_complexes_GL ACBP=A9
 0002:00000000 000000CC C=DATA     S=.data    G=DGROUP   M=System   ACBP=A9
 0002:000000CC 00000020 C=DATA     S=.data    G=DGROUP   M=SysInit  ACBP=A9
 0002:000000EC 00000258 C=DATA     S=.data    G=DGROUP   M=SysUtils ACBP=A9
 0002:00000344 00000110 C=DATA     S=.data    G=DGROUP   M=VarUtils ACBP=A9
 0002:00000454 000001B2 C=DATA     S=.data    G=DGROUP   M=Variants ACBP=A9
 0002:00000608 0000000C C=DATA     S=.data    G=DGROUP   M=TypInfo  ACBP=A9
 0002:00000614 00000010 C=DATA     S=.data    G=DGROUP   M=ActiveX  ACBP=A9
 0002:00000624 00000080 C=DATA     S=.data    G=DGROUP   M=Classes  ACBP=A9
 0002:000006A4 0000030C C=DATA     S=.data    G=DGROUP   M=Graphics ACBP=A9
 0002:000009B0 00000004 C=DATA     S=.data    G=DGROUP   M=Printers ACBP=A9
 0002:000009B4 00000180 C=DATA     S=.data    G=DGROUP   M=Dialogs  ACBP=A9
 0002:00000B34 0000018C C=DATA     S=.data    G=DGROUP   M=ExtCtrls ACBP=A9
 0002:00000CC0 0000009E C=DATA     S=.data    G=DGROUP   M=Buttons  ACBP=A9
 0002:00000D60 00000008 C=DATA     S=.data    G=DGROUP   M=IniFiles ACBP=A9
 0002:00000D68 00000008 C=DATA     S=.data    G=DGROUP   M=Registry ACBP=A9
 0002:00000D70 00000008 C=DATA     S=.data    G=DGROUP   M=Mapi     ACBP=A9
 0002:00000D78 00000121 C=DATA     S=.data    G=DGROUP   M=ComCtrls ACBP=A9
 0002:00000E9C 00000068 C=DATA     S=.data    G=DGROUP   M=Themes   ACBP=A9
 0002:00000F04 00000154 C=DATA     S=.data    G=DGROUP   M=StdCtrls ACBP=A9
 0002:00001058 0000013C C=DATA     S=.data    G=DGROUP   M=Controls ACBP=A9
 0002:00001194 00000020 C=DATA     S=.data    G=DGROUP   M=ImgList  ACBP=A9
 0002:000011B4 000000EC C=DATA     S=.data    G=DGROUP   M=Menus    ACBP=A9
 0002:000012A0 00000124 C=DATA     S=.data    G=DGROUP   M=Forms    ACBP=A9
 0002:000013C4 00000908 C=DATA     S=.data    G=DGROUP   M=jpeg     ACBP=A9
 0002:00001CCC 00000030 C=DATA     S=.data    G=DGROUP   M=ComObj   ACBP=A9
 0002:00001CFC 0000002C C=DATA     S=.data    G=DGROUP   M=OleCtrls ACBP=A9
 0002:00001D28 00000080 C=DATA     S=.data    G=DGROUP   M=MSCommLib_TLB ACBP=A9
 0002:00001DA8 00000009 C=DATA     S=.data    G=DGROUP   M=MaskUtils ACBP=A9
 0002:00001DB4 00000004 C=DATA     S=.data    G=DGROUP   M=Mask     ACBP=A9
 0002:00001DB8 00000006 C=DATA     S=.data    G=DGROUP   M=Grids    ACBP=A9
 0002:00001DC0 00000068 C=DATA     S=.data    G=DGROUP   M=ShellCtrls ACBP=A9
 0002:00001E28 000000D8 C=DATA     S=.data    G=DGROUP   M=UnitTCO  ACBP=A9
 0002:00001F00 0000060D C=DATA     S=.data    G=DGROUP   M=Unitprinc ACBP=A9
 0002:00002510 000000EA C=DATA     S=.data    G=DGROUP   M=UnitConfig ACBP=A9
 0002:00004000 00000664 C=BSS      S=.bss     G=DGROUP   M=System   ACBP=A9
 0002:00004664 00000010 C=BSS      S=.bss     G=DGROUP   M=SysInit  ACBP=A9
 0002:00004674 00000004 C=BSS      S=.bss     G=DGROUP   M=Types    ACBP=A9
 0002:00004678 00000004 C=BSS      S=.bss     G=DGROUP   M=Windows  ACBP=A9
 0002:0000467C 00000004 C=BSS      S=.bss     G=DGROUP   M=Messages ACBP=A9
 0002:00004680 00000004 C=BSS      S=.bss     G=DGROUP   M=SysConst ACBP=A9
 0002:00004684 00000120 C=BSS      S=.bss     G=DGROUP   M=SysUtils ACBP=A9
 0002:000047A4 0000005C C=BSS      S=.bss     G=DGROUP   M=VarUtils ACBP=A9
 0002:00004800 00000040 C=BSS      S=.bss     G=DGROUP   M=Variants ACBP=A9
 0002:00004840 00000004 C=BSS      S=.bss     G=DGROUP   M=RTLConsts ACBP=A9
 0002:00004844 00000004 C=BSS      S=.bss     G=DGROUP   M=TypInfo  ACBP=A9
 0002:00004848 00000004 C=BSS      S=.bss     G=DGROUP   M=ActiveX  ACBP=A9
 0002:0000484C 00000044 C=BSS      S=.bss     G=DGROUP   M=Classes  ACBP=A9
 0002:00004890 00000004 C=BSS      S=.bss     G=DGROUP   M=Consts   ACBP=A9
 0002:00004894 00000060 C=BSS      S=.bss     G=DGROUP   M=Graphics ACBP=A9
 0002:000048F4 00000004 C=BSS      S=.bss     G=DGROUP   M=Math     ACBP=A9
 0002:000048F8 00000004 C=BSS      S=.bss     G=DGROUP   M=Contnrs  ACBP=A9
 0002:000048FC 0000000C C=BSS      S=.bss     G=DGROUP   M=CommCtrl ACBP=A9
 0002:00004908 00000031 C=BSS      S=.bss     G=DGROUP   M=MultiMon ACBP=A9
 0002:0000493C 00000004 C=BSS      S=.bss     G=DGROUP   M=Imm      ACBP=A9
 0002:00004940 00000008 C=BSS      S=.bss     G=DGROUP   M=HelpIntfs ACBP=A9
 0002:00004948 00000004 C=BSS      S=.bss     G=DGROUP   M=WinSpool ACBP=A9
 0002:0000494C 00000004 C=BSS      S=.bss     G=DGROUP   M=Printers ACBP=A9
 0002:00004950 00000034 C=BSS      S=.bss     G=DGROUP   M=FlatSB   ACBP=A9
 0002:00004984 00000004 C=BSS      S=.bss     G=DGROUP   M=SyncObjs ACBP=A9
 0002:00004988 000000CC C=BSS      S=.bss     G=DGROUP   M=UxTheme  ACBP=A9
 0002:00004A54 00000004 C=BSS      S=.bss     G=DGROUP   M=RichEdit ACBP=A9
 0002:00004A58 00000004 C=BSS      S=.bss     G=DGROUP   M=ToolWin  ACBP=A9
 0002:00004A5C 00000004 C=BSS      S=.bss     G=DGROUP   M=ShellAPI ACBP=A9
 0002:00004A60 00000004 C=BSS      S=.bss     G=DGROUP   M=RegStr   ACBP=A9
 0002:00004A64 00000004 C=BSS      S=.bss     G=DGROUP   M=WinInet  ACBP=A9
 0002:00004A68 00000004 C=BSS      S=.bss     G=DGROUP   M=UrlMon   ACBP=A9
 0002:00004A6C 00000004 C=BSS      S=.bss     G=DGROUP   M=ShlObj   ACBP=A9
 0002:00004A70 00000004 C=BSS      S=.bss     G=DGROUP   M=CommDlg  ACBP=A9
 0002:00004A74 00000004 C=BSS      S=.bss     G=DGROUP   M=Dlgs     ACBP=A9
 0002:00004A78 0000003C C=BSS      S=.bss     G=DGROUP   M=Dialogs  ACBP=A9
 0002:00004AB4 00000004 C=BSS      S=.bss     G=DGROUP   M=ExtCtrls ACBP=A9
 0002:00004AB8 00000004 C=BSS      S=.bss     G=DGROUP   M=ComStrs  ACBP=A9
 0002:00004ABC 0000000C C=BSS      S=.bss     G=DGROUP   M=Clipbrd  ACBP=A9
 0002:00004AC8 00000004 C=BSS      S=.bss     G=DGROUP   M=StrUtils ACBP=A9
 0002:00004ACC 00000030 C=BSS      S=.bss     G=DGROUP   M=Buttons  ACBP=A9
 0002:00004AFC 00000004 C=BSS      S=.bss     G=DGROUP   M=ExtDlgs  ACBP=A9
 0002:00004B00 00000004 C=BSS      S=.bss     G=DGROUP   M=IniFiles ACBP=A9
 0002:00004B04 00000004 C=BSS      S=.bss     G=DGROUP   M=Registry ACBP=A9
 0002:00004B08 00000004 C=BSS      S=.bss     G=DGROUP   M=Mapi     ACBP=A9
 0002:00004B0C 00000009 C=BSS      S=.bss     G=DGROUP   M=ExtActns ACBP=A9
 0002:00004B18 00000004 C=BSS      S=.bss     G=DGROUP   M=ListActns ACBP=A9
 0002:00004B1C 00000010 C=BSS      S=.bss     G=DGROUP   M=ComCtrls ACBP=A9
 0002:00004B2C 00000008 C=BSS      S=.bss     G=DGROUP   M=Themes   ACBP=A9
 0002:00004B34 00000004 C=BSS      S=.bss     G=DGROUP   M=StdCtrls ACBP=A9
 0002:00004B38 00000004 C=BSS      S=.bss     G=DGROUP   M=StdActns ACBP=A9
 0002:00004B3C 00000014 C=BSS      S=.bss     G=DGROUP   M=WinHelpViewer ACBP=A9
 0002:00004B50 00000080 C=BSS      S=.bss     G=DGROUP   M=Controls ACBP=A9
 0002:00004BD0 00000004 C=BSS      S=.bss     G=DGROUP   M=ActnList ACBP=A9
 0002:00004BD4 0000000C C=BSS      S=.bss     G=DGROUP   M=ImgList  ACBP=A9
 0002:00004BE0 00000010 C=BSS      S=.bss     G=DGROUP   M=Menus    ACBP=A9
 0002:00004BF0 00000020 C=BSS      S=.bss     G=DGROUP   M=Forms    ACBP=A9
 0002:00004C10 00000004 C=BSS      S=.bss     G=DGROUP   M=JConsts  ACBP=A9
 0002:00004C14 00000004 C=BSS      S=.bss     G=DGROUP   M=jpeg     ACBP=A9
 0002:00004C18 00000004 C=BSS      S=.bss     G=DGROUP   M=ComConst ACBP=A9
 0002:00004C1C 00000011 C=BSS      S=.bss     G=DGROUP   M=ComObj   ACBP=A9
 0002:00004C30 00000004 C=BSS      S=.bss     G=DGROUP   M=StdVCL   ACBP=A9
 0002:00004C34 0000001C C=BSS      S=.bss     G=DGROUP   M=AxCtrls  ACBP=A9
 0002:00004C50 00000004 C=BSS      S=.bss     G=DGROUP   M=OleConst ACBP=A9
 0002:00004C54 00000014 C=BSS      S=.bss     G=DGROUP   M=OleCtrls ACBP=A9
 0002:00004C68 00000048 C=BSS      S=.bss     G=DGROUP   M=TlHelp32 ACBP=A9
 0002:00004CB0 00000004 C=BSS      S=.bss     G=DGROUP   M=WinSock  ACBP=A9
 0002:00004CB4 00000194 C=BSS      S=.bss     G=DGROUP   M=ScktComp ACBP=A9
 0002:00004E48 00000004 C=BSS      S=.bss     G=DGROUP   M=MMSystem ACBP=A9
 0002:00004E4C 00000004 C=BSS      S=.bss     G=DGROUP   M=Nb30     ACBP=A9
 0002:00004E50 00000004 C=BSS      S=.bss     G=DGROUP   M=OleServer ACBP=A9
 0002:00004E54 00000004 C=BSS      S=.bss     G=DGROUP   M=MSCommLib_TLB ACBP=A9
 0002:00004E58 00000004 C=BSS      S=.bss     G=DGROUP   M=MaskUtils ACBP=A9
 0002:00004E5C 00000004 C=BSS      S=.bss     G=DGROUP   M=Mask     ACBP=A9
 0002:00004E60 00000004 C=BSS      S=.bss     G=DGROUP   M=Grids    ACBP=A9
 0002:00004E64 00000004 C=BSS      S=.bss     G=DGROUP   M=Spin     ACBP=A9
 0002:00004E68 00000004 C=BSS      S=.bss     G=DGROUP   M=ValEdit  ACBP=A9
 0002:00004E6C 00002494 C=BSS      S=.bss     G=DGROUP   M=UnitPilote ACBP=A9
 0002:00007300 00000010 C=BSS      S=.bss     G=DGROUP   M=Importation ACBP=A9
 0002:00007310 000148A4 C=BSS      S=.bss     G=DGROUP   M=UnitAnalyseSegCDM ACBP=A9
 0002:0001BBB4 00000014 C=BSS      S=.bss     G=DGROUP   M=UnitConfigTCO ACBP=A9
 0002:0001BBC8 00000014 C=BSS      S=.bss     G=DGROUP   M=Unit_Pilote_aig ACBP=A9
 0002:0001BBDC 00001C2C C=BSS      S=.bss     G=DGROUP   M=UnitFicheHoraire ACBP=A9
 0002:0001D808 00000004 C=BSS      S=.bss     G=DGROUP   M=ShellConsts ACBP=A9
 0002:0001D80C 0000001C C=BSS      S=.bss     G=DGROUP   M=ShellCtrls ACBP=A9
 0002:0001D828 00000DF8 C=BSS      S=.bss     G=DGROUP   M=UnitRoute ACBP=A9
 0002:0001E620 0000000C C=BSS      S=.bss     G=DGROUP   M=UnitRouteTrains ACBP=A9
 0002:0001E62C 0000000C C=BSS      S=.bss     G=DGROUP   M=UnitInfo ACBP=A9
 0002:0001E638 00000CB4 C=BSS      S=.bss     G=DGROUP   M=selection_train ACBP=A9
 0002:0001F2EC 00000020 C=BSS      S=.bss     G=DGROUP   M=UnitConfigCellTCO ACBP=A9
 0002:0001F30C 00000034 C=BSS      S=.bss     G=DGROUP   M=UnitClock ACBP=A9
 0002:0001F340 00000010 C=BSS      S=.bss     G=DGROUP   M=UnitIntro ACBP=A9
 0002:0001F350 00537330 C=BSS      S=.bss     G=DGROUP   M=UnitTCO  ACBP=A9
 0002:00556680 00000010 C=BSS      S=.bss     G=DGROUP   M=UnitSR   ACBP=A9
 0002:00556690 00000014 C=BSS      S=.bss     G=DGROUP   M=UnitCDF  ACBP=A9
 0002:005566A4 00000018 C=BSS      S=.bss     G=DGROUP   M=UnitModifAction ACBP=A9
 0002:005566BC 00000038 C=BSS      S=.bss     G=DGROUP   M=UnitHorloge ACBP=A9
 0002:005566F4 000001E8 C=BSS      S=.bss     G=DGROUP   M=verif_version ACBP=A9
 0002:005568DC 00000004 C=BSS      S=.bss     G=DGROUP   M=UnitPareFeu ACBP=A9
 0002:005568E0 0000000C C=BSS      S=.bss     G=DGROUP   M=UnitSimule ACBP=A9
 0002:005568EC 00000024 C=BSS      S=.bss     G=DGROUP   M=UnitMesure ACBP=A9
 0002:00556910 28ACDAF4 C=BSS      S=.bss     G=DGROUP   M=Unitprinc ACBP=A9
 0002:29024404 00000890 C=BSS      S=.bss     G=DGROUP   M=UnitConfig ACBP=A9
 0002:29024C94 0000002C C=BSS      S=.bss     G=DGROUP   M=UnitDebug ACBP=A9

Bound resource files

c:\program files (x86)\borland\delphi7\Lib\Buttons.res
c:\program files (x86)\borland\delphi7\Lib\ExtDlgs.res
c:\program files (x86)\borland\delphi7\Lib\Controls.res
c:\program files (x86)\borland\delphi7\Lib\SPIN.RES
UnitPilote.dfm
Importation.dfm
UnitAnalyseSegCDM.dfm
UnitConfigTCO.dfm
Unit_Pilote_aig.dfm
UnitFicheHoraire.dfm
UnitRoute.dfm
UnitRouteTrains.dfm
UnitInfo.dfm
selection_train.dfm
UnitConfigCellTCO.dfm
UnitClock.dfm
UnitIntro.dfm
UnitTCO.dfm
UnitSR.dfm
UnitCDF.dfm
UnitModifAction.dfm
UnitHorloge.dfm
verif_version.dfm
UnitSimule.dfm
UnitMesure.dfm
Unitprinc.dfm
UnitConfig.dfm
UnitDebug.dfm
Signaux_complexes_GL.res
Signaux_complexes_GL.drf


Program entry point at 0001:001D7D30
