
 Start         Length     Name                   Class
 0001:00000000 00186E4CH .text                   CODE
 0002:00000000 00002D10H .data                   DATA
 0002:00002D10 045EDA31H .bss                    BSS


Detailed map of segments

 0001:00000000 00005EFF C=CODE     S=.text    G=(none)   M=System   ACBP=A9
 0001:00005F00 00000140 C=CODE     S=.text    G=(none)   M=SysInit  ACBP=A9
 0001:00006040 00000108 C=CODE     S=.text    G=(none)   M=Types    ACBP=A9
 0001:00006148 00000F20 C=CODE     S=.text    G=(none)   M=Windows  ACBP=A9
 0001:00007068 00000038 C=CODE     S=.text    G=(none)   M=Messages ACBP=A9
 0001:000070A0 00000338 C=CODE     S=.text    G=(none)   M=SysConst ACBP=A9
 0001:000073D8 00006F74 C=CODE     S=.text    G=(none)   M=SysUtils ACBP=A9
 0001:0000E34C 0000081B C=CODE     S=.text    G=(none)   M=VarUtils ACBP=A9
 0001:0000EB68 0000804E C=CODE     S=.text    G=(none)   M=Variants ACBP=A9
 0001:00016BB8 000001A0 C=CODE     S=.text    G=(none)   M=RTLConsts ACBP=A9
 0001:00016D58 0000083C C=CODE     S=.text    G=(none)   M=TypInfo  ACBP=A9
 0001:00017594 00000358 C=CODE     S=.text    G=(none)   M=ActiveX  ACBP=A9
 0001:000178EC 0000A7EA C=CODE     S=.text    G=(none)   M=Classes  ACBP=A9
 0001:000220D8 00000370 C=CODE     S=.text    G=(none)   M=Consts   ACBP=A9
 0001:00022448 00009BFB C=CODE     S=.text    G=(none)   M=Graphics ACBP=A9
 0001:0002C044 00000124 C=CODE     S=.text    G=(none)   M=Math     ACBP=A9
 0001:0002C168 000002B8 C=CODE     S=.text    G=(none)   M=Contnrs  ACBP=A9
 0001:0002C420 00000198 C=CODE     S=.text    G=(none)   M=CommCtrl ACBP=A9
 0001:0002C5B8 00000787 C=CODE     S=.text    G=(none)   M=MultiMon ACBP=A9
 0001:0002CD40 00000038 C=CODE     S=.text    G=(none)   M=Imm      ACBP=A9
 0001:0002CD78 00000FF8 C=CODE     S=.text    G=(none)   M=HelpIntfs ACBP=A9
 0001:0002DD70 00000058 C=CODE     S=.text    G=(none)   M=WinSpool ACBP=A9
 0001:0002DDC8 000010C8 C=CODE     S=.text    G=(none)   M=Printers ACBP=A9
 0001:0002EE90 0000031F C=CODE     S=.text    G=(none)   M=FlatSB   ACBP=A9
 0001:0002F1B0 000003F0 C=CODE     S=.text    G=(none)   M=SyncObjs ACBP=A9
 0001:0002F5A0 000009BB C=CODE     S=.text    G=(none)   M=UxTheme  ACBP=A9
 0001:0002FF5C 00000038 C=CODE     S=.text    G=(none)   M=RichEdit ACBP=A9
 0001:0002FF94 00000038 C=CODE     S=.text    G=(none)   M=ToolWin  ACBP=A9
 0001:0002FFCC 00000040 C=CODE     S=.text    G=(none)   M=ShellAPI ACBP=A9
 0001:0003000C 00000038 C=CODE     S=.text    G=(none)   M=RegStr   ACBP=A9
 0001:00030044 00000058 C=CODE     S=.text    G=(none)   M=WinInet  ACBP=A9
 0001:0003009C 00000038 C=CODE     S=.text    G=(none)   M=UrlMon   ACBP=A9
 0001:000300D4 0000006C C=CODE     S=.text    G=(none)   M=ShlObj   ACBP=A9
 0001:00030140 00000060 C=CODE     S=.text    G=(none)   M=CommDlg  ACBP=A9
 0001:000301A0 00000038 C=CODE     S=.text    G=(none)   M=Dlgs     ACBP=A9
 0001:000301D8 000036D1 C=CODE     S=.text    G=(none)   M=Dialogs  ACBP=A9
 0001:000338AC 00004ADA C=CODE     S=.text    G=(none)   M=ExtCtrls ACBP=A9
 0001:00038388 00000090 C=CODE     S=.text    G=(none)   M=ComStrs  ACBP=A9
 0001:00038418 000007A0 C=CODE     S=.text    G=(none)   M=Clipbrd  ACBP=A9
 0001:00038BB8 00000128 C=CODE     S=.text    G=(none)   M=StrUtils ACBP=A9
 0001:00038CE0 00003821 C=CODE     S=.text    G=(none)   M=Buttons  ACBP=A9
 0001:0003C504 00000038 C=CODE     S=.text    G=(none)   M=ExtDlgs  ACBP=A9
 0001:0003C53C 00000068 C=CODE     S=.text    G=(none)   M=IniFiles ACBP=A9
 0001:0003C5A4 00000068 C=CODE     S=.text    G=(none)   M=Registry ACBP=A9
 0001:0003C60C 0000006C C=CODE     S=.text    G=(none)   M=Mapi     ACBP=A9
 0001:0003C678 00000058 C=CODE     S=.text    G=(none)   M=ExtActns ACBP=A9
 0001:0003C6D0 00000038 C=CODE     S=.text    G=(none)   M=ListActns ACBP=A9
 0001:0003C708 00009948 C=CODE     S=.text    G=(none)   M=ComCtrls ACBP=A9
 0001:00046050 00000EA0 C=CODE     S=.text    G=(none)   M=Themes   ACBP=A9
 0001:00046EF0 0000C698 C=CODE     S=.text    G=(none)   M=StdCtrls ACBP=A9
 0001:00053588 00000168 C=CODE     S=.text    G=(none)   M=StdActns ACBP=A9
 0001:000536F0 00000D1F C=CODE     S=.text    G=(none)   M=WinHelpViewer ACBP=A9
 0001:00054410 00011403 C=CODE     S=.text    G=(none)   M=Controls ACBP=A9
 0001:00065814 00001292 C=CODE     S=.text    G=(none)   M=ActnList ACBP=A9
 0001:00066AA8 00001C04 C=CODE     S=.text    G=(none)   M=ImgList  ACBP=A9
 0001:000686AC 000066E1 C=CODE     S=.text    G=(none)   M=Menus    ACBP=A9
 0001:0006ED90 0000CF8C C=CODE     S=.text    G=(none)   M=Forms    ACBP=A9
 0001:0007BD1C 00000050 C=CODE     S=.text    G=(none)   M=JConsts  ACBP=A9
 0001:0007BD6C 000133EC C=CODE     S=.text    G=(none)   M=jpeg     ACBP=A9
 0001:0008F158 00000060 C=CODE     S=.text    G=(none)   M=ComConst ACBP=A9
 0001:0008F1B8 00001259 C=CODE     S=.text    G=(none)   M=ComObj   ACBP=A9
 0001:00090414 00000038 C=CODE     S=.text    G=(none)   M=StdVCL   ACBP=A9
 0001:0009044C 00001793 C=CODE     S=.text    G=(none)   M=AxCtrls  ACBP=A9
 0001:00091BE0 00000060 C=CODE     S=.text    G=(none)   M=OleConst ACBP=A9
 0001:00091C40 00003519 C=CODE     S=.text    G=(none)   M=OleCtrls ACBP=A9
 0001:0009515C 00000314 C=CODE     S=.text    G=(none)   M=TlHelp32 ACBP=A9
 0001:00095470 00000128 C=CODE     S=.text    G=(none)   M=WinSock  ACBP=A9
 0001:00095598 00003A78 C=CODE     S=.text    G=(none)   M=ScktComp ACBP=A9
 0001:00099010 000008EA C=CODE     S=.text    G=(none)   M=OleServer ACBP=A9
 0001:000998FC 00000598 C=CODE     S=.text    G=(none)   M=MSCommLib_TLB ACBP=A9
 0001:00099E94 00000040 C=CODE     S=.text    G=(none)   M=MMSystem ACBP=A9
 0001:00099ED4 00000038 C=CODE     S=.text    G=(none)   M=Nb30     ACBP=A9
 0001:00099F0C 00000038 C=CODE     S=.text    G=(none)   M=DateUtils ACBP=A9
 0001:00099F44 00000A18 C=CODE     S=.text    G=(none)   M=MaskUtils ACBP=A9
 0001:0009A95C 00002108 C=CODE     S=.text    G=(none)   M=Mask     ACBP=A9
 0001:0009CA64 000092A4 C=CODE     S=.text    G=(none)   M=Grids    ACBP=A9
 0001:000A5D08 00001820 C=CODE     S=.text    G=(none)   M=UnitPilote ACBP=A9
 0001:000A7528 0000057C C=CODE     S=.text    G=(none)   M=Importation ACBP=A9
 0001:000A7AA4 000147B4 C=CODE     S=.text    G=(none)   M=UnitAnalyseSegCDM ACBP=A9
 0001:000BC258 000028F7 C=CODE     S=.text    G=(none)   M=UnitConfigTCO ACBP=A9
 0001:000BEB50 00000C64 C=CODE     S=.text    G=(none)   M=Unit_Pilote_aig ACBP=A9
 0001:000BF7B4 000041E0 C=CODE     S=.text    G=(none)   M=UnitConfigCellTCO ACBP=A9
 0001:000C3994 00001050 C=CODE     S=.text    G=(none)   M=UnitFicheHoraire ACBP=A9
 0001:000C49E4 00001548 C=CODE     S=.text    G=(none)   M=UnitClock ACBP=A9
 0001:000C5F2C 00032638 C=CODE     S=.text    G=(none)   M=UnitTCO  ACBP=A9
 0001:000F8564 00003410 C=CODE     S=.text    G=(none)   M=UnitSR   ACBP=A9
 0001:000FB974 000027BC C=CODE     S=.text    G=(none)   M=UnitCDF  ACBP=A9
 0001:000FE130 00000E5C C=CODE     S=.text    G=(none)   M=UnitHorloge ACBP=A9
 0001:000FEF8C 0000233F C=CODE     S=.text    G=(none)   M=verif_version ACBP=A9
 0001:001012CC 000011D0 C=CODE     S=.text    G=(none)   M=UnitPareFeu ACBP=A9
 0001:0010249C 00000DC8 C=CODE     S=.text    G=(none)   M=UnitSimule ACBP=A9
 0001:00103264 00002A50 C=CODE     S=.text    G=(none)   M=Unitplace ACBP=A9
 0001:00105CB4 0003E8A8 C=CODE     S=.text    G=(none)   M=UnitPrinc ACBP=A9
 0001:0014455C 0003F6BC C=CODE     S=.text    G=(none)   M=UnitConfig ACBP=A9
 0001:00183C18 00002D08 C=CODE     S=.text    G=(none)   M=UnitDebug ACBP=A9
 0001:00186920 0000052C C=CODE     S=.text    G=(none)   M=Signaux_complexes_GL ACBP=A9
 0002:00000000 000000CC C=DATA     S=.data    G=DGROUP   M=System   ACBP=A9
 0002:000000CC 00000020 C=DATA     S=.data    G=DGROUP   M=SysInit  ACBP=A9
 0002:000000EC 00000254 C=DATA     S=.data    G=DGROUP   M=SysUtils ACBP=A9
 0002:00000340 00000008 C=DATA     S=.data    G=DGROUP   M=VarUtils ACBP=A9
 0002:00000348 000001B2 C=DATA     S=.data    G=DGROUP   M=Variants ACBP=A9
 0002:000004FC 0000000C C=DATA     S=.data    G=DGROUP   M=TypInfo  ACBP=A9
 0002:00000508 00000010 C=DATA     S=.data    G=DGROUP   M=ActiveX  ACBP=A9
 0002:00000518 00000080 C=DATA     S=.data    G=DGROUP   M=Classes  ACBP=A9
 0002:00000598 0000030C C=DATA     S=.data    G=DGROUP   M=Graphics ACBP=A9
 0002:000008A4 00000004 C=DATA     S=.data    G=DGROUP   M=Printers ACBP=A9
 0002:000008A8 00000180 C=DATA     S=.data    G=DGROUP   M=Dialogs  ACBP=A9
 0002:00000A28 0000018C C=DATA     S=.data    G=DGROUP   M=ExtCtrls ACBP=A9
 0002:00000BB4 0000009E C=DATA     S=.data    G=DGROUP   M=Buttons  ACBP=A9
 0002:00000C54 00000008 C=DATA     S=.data    G=DGROUP   M=IniFiles ACBP=A9
 0002:00000C5C 00000008 C=DATA     S=.data    G=DGROUP   M=Registry ACBP=A9
 0002:00000C64 00000008 C=DATA     S=.data    G=DGROUP   M=Mapi     ACBP=A9
 0002:00000C6C 000000B9 C=DATA     S=.data    G=DGROUP   M=ComCtrls ACBP=A9
 0002:00000D28 00000068 C=DATA     S=.data    G=DGROUP   M=Themes   ACBP=A9
 0002:00000D90 00000154 C=DATA     S=.data    G=DGROUP   M=StdCtrls ACBP=A9
 0002:00000EE4 0000013C C=DATA     S=.data    G=DGROUP   M=Controls ACBP=A9
 0002:00001020 00000020 C=DATA     S=.data    G=DGROUP   M=ImgList  ACBP=A9
 0002:00001040 000000EC C=DATA     S=.data    G=DGROUP   M=Menus    ACBP=A9
 0002:0000112C 00000124 C=DATA     S=.data    G=DGROUP   M=Forms    ACBP=A9
 0002:00001250 00000908 C=DATA     S=.data    G=DGROUP   M=jpeg     ACBP=A9
 0002:00001B58 00000030 C=DATA     S=.data    G=DGROUP   M=ComObj   ACBP=A9
 0002:00001B88 0000002C C=DATA     S=.data    G=DGROUP   M=OleCtrls ACBP=A9
 0002:00001BB4 00000080 C=DATA     S=.data    G=DGROUP   M=MSCommLib_TLB ACBP=A9
 0002:00001C34 00000009 C=DATA     S=.data    G=DGROUP   M=MaskUtils ACBP=A9
 0002:00001C40 00000004 C=DATA     S=.data    G=DGROUP   M=Mask     ACBP=A9
 0002:00001C44 00000006 C=DATA     S=.data    G=DGROUP   M=Grids    ACBP=A9
 0002:00001C4C 000000D4 C=DATA     S=.data    G=DGROUP   M=UnitTCO  ACBP=A9
 0002:00001D20 0000060D C=DATA     S=.data    G=DGROUP   M=UnitPrinc ACBP=A9
 0002:00003000 00000664 C=BSS      S=.bss     G=DGROUP   M=System   ACBP=A9
 0002:00003664 00000010 C=BSS      S=.bss     G=DGROUP   M=SysInit  ACBP=A9
 0002:00003674 00000004 C=BSS      S=.bss     G=DGROUP   M=Types    ACBP=A9
 0002:00003678 00000004 C=BSS      S=.bss     G=DGROUP   M=Windows  ACBP=A9
 0002:0000367C 00000004 C=BSS      S=.bss     G=DGROUP   M=Messages ACBP=A9
 0002:00003680 00000004 C=BSS      S=.bss     G=DGROUP   M=SysConst ACBP=A9
 0002:00003684 00000120 C=BSS      S=.bss     G=DGROUP   M=SysUtils ACBP=A9
 0002:000037A4 0000005C C=BSS      S=.bss     G=DGROUP   M=VarUtils ACBP=A9
 0002:00003800 00000040 C=BSS      S=.bss     G=DGROUP   M=Variants ACBP=A9
 0002:00003840 00000004 C=BSS      S=.bss     G=DGROUP   M=RTLConsts ACBP=A9
 0002:00003844 00000004 C=BSS      S=.bss     G=DGROUP   M=TypInfo  ACBP=A9
 0002:00003848 00000004 C=BSS      S=.bss     G=DGROUP   M=ActiveX  ACBP=A9
 0002:0000384C 00000044 C=BSS      S=.bss     G=DGROUP   M=Classes  ACBP=A9
 0002:00003890 00000004 C=BSS      S=.bss     G=DGROUP   M=Consts   ACBP=A9
 0002:00003894 00000060 C=BSS      S=.bss     G=DGROUP   M=Graphics ACBP=A9
 0002:000038F4 00000004 C=BSS      S=.bss     G=DGROUP   M=Math     ACBP=A9
 0002:000038F8 00000004 C=BSS      S=.bss     G=DGROUP   M=Contnrs  ACBP=A9
 0002:000038FC 0000000C C=BSS      S=.bss     G=DGROUP   M=CommCtrl ACBP=A9
 0002:00003908 00000031 C=BSS      S=.bss     G=DGROUP   M=MultiMon ACBP=A9
 0002:0000393C 00000004 C=BSS      S=.bss     G=DGROUP   M=Imm      ACBP=A9
 0002:00003940 00000008 C=BSS      S=.bss     G=DGROUP   M=HelpIntfs ACBP=A9
 0002:00003948 00000004 C=BSS      S=.bss     G=DGROUP   M=WinSpool ACBP=A9
 0002:0000394C 00000004 C=BSS      S=.bss     G=DGROUP   M=Printers ACBP=A9
 0002:00003950 00000034 C=BSS      S=.bss     G=DGROUP   M=FlatSB   ACBP=A9
 0002:00003984 00000004 C=BSS      S=.bss     G=DGROUP   M=SyncObjs ACBP=A9
 0002:00003988 000000CC C=BSS      S=.bss     G=DGROUP   M=UxTheme  ACBP=A9
 0002:00003A54 00000004 C=BSS      S=.bss     G=DGROUP   M=RichEdit ACBP=A9
 0002:00003A58 00000004 C=BSS      S=.bss     G=DGROUP   M=ToolWin  ACBP=A9
 0002:00003A5C 00000004 C=BSS      S=.bss     G=DGROUP   M=ShellAPI ACBP=A9
 0002:00003A60 00000004 C=BSS      S=.bss     G=DGROUP   M=RegStr   ACBP=A9
 0002:00003A64 00000004 C=BSS      S=.bss     G=DGROUP   M=WinInet  ACBP=A9
 0002:00003A68 00000004 C=BSS      S=.bss     G=DGROUP   M=UrlMon   ACBP=A9
 0002:00003A6C 00000004 C=BSS      S=.bss     G=DGROUP   M=ShlObj   ACBP=A9
 0002:00003A70 00000004 C=BSS      S=.bss     G=DGROUP   M=CommDlg  ACBP=A9
 0002:00003A74 00000004 C=BSS      S=.bss     G=DGROUP   M=Dlgs     ACBP=A9
 0002:00003A78 0000003C C=BSS      S=.bss     G=DGROUP   M=Dialogs  ACBP=A9
 0002:00003AB4 00000004 C=BSS      S=.bss     G=DGROUP   M=ExtCtrls ACBP=A9
 0002:00003AB8 00000004 C=BSS      S=.bss     G=DGROUP   M=ComStrs  ACBP=A9
 0002:00003ABC 0000000C C=BSS      S=.bss     G=DGROUP   M=Clipbrd  ACBP=A9
 0002:00003AC8 00000004 C=BSS      S=.bss     G=DGROUP   M=StrUtils ACBP=A9
 0002:00003ACC 00000030 C=BSS      S=.bss     G=DGROUP   M=Buttons  ACBP=A9
 0002:00003AFC 00000004 C=BSS      S=.bss     G=DGROUP   M=ExtDlgs  ACBP=A9
 0002:00003B00 00000004 C=BSS      S=.bss     G=DGROUP   M=IniFiles ACBP=A9
 0002:00003B04 00000004 C=BSS      S=.bss     G=DGROUP   M=Registry ACBP=A9
 0002:00003B08 00000004 C=BSS      S=.bss     G=DGROUP   M=Mapi     ACBP=A9
 0002:00003B0C 00000009 C=BSS      S=.bss     G=DGROUP   M=ExtActns ACBP=A9
 0002:00003B18 00000004 C=BSS      S=.bss     G=DGROUP   M=ListActns ACBP=A9
 0002:00003B1C 00000010 C=BSS      S=.bss     G=DGROUP   M=ComCtrls ACBP=A9
 0002:00003B2C 00000008 C=BSS      S=.bss     G=DGROUP   M=Themes   ACBP=A9
 0002:00003B34 00000004 C=BSS      S=.bss     G=DGROUP   M=StdCtrls ACBP=A9
 0002:00003B38 00000004 C=BSS      S=.bss     G=DGROUP   M=StdActns ACBP=A9
 0002:00003B3C 00000014 C=BSS      S=.bss     G=DGROUP   M=WinHelpViewer ACBP=A9
 0002:00003B50 00000080 C=BSS      S=.bss     G=DGROUP   M=Controls ACBP=A9
 0002:00003BD0 00000004 C=BSS      S=.bss     G=DGROUP   M=ActnList ACBP=A9
 0002:00003BD4 0000000C C=BSS      S=.bss     G=DGROUP   M=ImgList  ACBP=A9
 0002:00003BE0 00000010 C=BSS      S=.bss     G=DGROUP   M=Menus    ACBP=A9
 0002:00003BF0 00000020 C=BSS      S=.bss     G=DGROUP   M=Forms    ACBP=A9
 0002:00003C10 00000004 C=BSS      S=.bss     G=DGROUP   M=JConsts  ACBP=A9
 0002:00003C14 00000004 C=BSS      S=.bss     G=DGROUP   M=jpeg     ACBP=A9
 0002:00003C18 00000004 C=BSS      S=.bss     G=DGROUP   M=ComConst ACBP=A9
 0002:00003C1C 00000011 C=BSS      S=.bss     G=DGROUP   M=ComObj   ACBP=A9
 0002:00003C30 00000004 C=BSS      S=.bss     G=DGROUP   M=StdVCL   ACBP=A9
 0002:00003C34 0000001C C=BSS      S=.bss     G=DGROUP   M=AxCtrls  ACBP=A9
 0002:00003C50 00000004 C=BSS      S=.bss     G=DGROUP   M=OleConst ACBP=A9
 0002:00003C54 00000014 C=BSS      S=.bss     G=DGROUP   M=OleCtrls ACBP=A9
 0002:00003C68 00000048 C=BSS      S=.bss     G=DGROUP   M=TlHelp32 ACBP=A9
 0002:00003CB0 00000004 C=BSS      S=.bss     G=DGROUP   M=WinSock  ACBP=A9
 0002:00003CB4 00000194 C=BSS      S=.bss     G=DGROUP   M=ScktComp ACBP=A9
 0002:00003E48 00000004 C=BSS      S=.bss     G=DGROUP   M=OleServer ACBP=A9
 0002:00003E4C 00000004 C=BSS      S=.bss     G=DGROUP   M=MSCommLib_TLB ACBP=A9
 0002:00003E50 00000004 C=BSS      S=.bss     G=DGROUP   M=MMSystem ACBP=A9
 0002:00003E54 00000004 C=BSS      S=.bss     G=DGROUP   M=Nb30     ACBP=A9
 0002:00003E58 00000004 C=BSS      S=.bss     G=DGROUP   M=DateUtils ACBP=A9
 0002:00003E5C 00000004 C=BSS      S=.bss     G=DGROUP   M=MaskUtils ACBP=A9
 0002:00003E60 00000004 C=BSS      S=.bss     G=DGROUP   M=Mask     ACBP=A9
 0002:00003E64 00000004 C=BSS      S=.bss     G=DGROUP   M=Grids    ACBP=A9
 0002:00003E68 00000010 C=BSS      S=.bss     G=DGROUP   M=UnitPilote ACBP=A9
 0002:00003E78 00000010 C=BSS      S=.bss     G=DGROUP   M=Importation ACBP=A9
 0002:00003E88 000148B0 C=BSS      S=.bss     G=DGROUP   M=UnitAnalyseSegCDM ACBP=A9
 0002:00018738 00000014 C=BSS      S=.bss     G=DGROUP   M=UnitConfigTCO ACBP=A9
 0002:0001874C 00000014 C=BSS      S=.bss     G=DGROUP   M=Unit_Pilote_aig ACBP=A9
 0002:00018760 00000020 C=BSS      S=.bss     G=DGROUP   M=UnitConfigCellTCO ACBP=A9
 0002:00018780 00000288 C=BSS      S=.bss     G=DGROUP   M=UnitFicheHoraire ACBP=A9
 0002:00018A08 00000034 C=BSS      S=.bss     G=DGROUP   M=UnitClock ACBP=A9
 0002:00018A3C 0041870C C=BSS      S=.bss     G=DGROUP   M=UnitTCO  ACBP=A9
 0002:00431148 00000010 C=BSS      S=.bss     G=DGROUP   M=UnitSR   ACBP=A9
 0002:00431158 00000014 C=BSS      S=.bss     G=DGROUP   M=UnitCDF  ACBP=A9
 0002:0043116C 00000038 C=BSS      S=.bss     G=DGROUP   M=UnitHorloge ACBP=A9
 0002:004311A4 000001EC C=BSS      S=.bss     G=DGROUP   M=verif_version ACBP=A9
 0002:00431390 00000004 C=BSS      S=.bss     G=DGROUP   M=UnitPareFeu ACBP=A9
 0002:00431394 0000000C C=BSS      S=.bss     G=DGROUP   M=UnitSimule ACBP=A9
 0002:004313A0 00000008 C=BSS      S=.bss     G=DGROUP   M=Unitplace ACBP=A9
 0002:004313A8 041BF0E0 C=BSS      S=.bss     G=DGROUP   M=UnitPrinc ACBP=A9
 0002:045F0488 0000057C C=BSS      S=.bss     G=DGROUP   M=UnitConfig ACBP=A9
 0002:045F0A04 0000002C C=BSS      S=.bss     G=DGROUP   M=UnitDebug ACBP=A9

Bound resource files

c:\program files (x86)\borland\delphi7\Lib\Buttons.res
c:\program files (x86)\borland\delphi7\Lib\ExtDlgs.res
c:\program files (x86)\borland\delphi7\Lib\Controls.res
UnitPilote.dfm
Importation.dfm
UnitAnalyseSegCDM.dfm
UnitConfigTCO.dfm
Unit_Pilote_aig.dfm
UnitConfigCellTCO.dfm
UnitFicheHoraire.dfm
UnitClock.dfm
UnitTCO.dfm
UnitSR.dfm
UnitCDF.dfm
UnitHorloge.dfm
verif_version.dfm
UnitSimule.dfm
Unitplace.dfm
UnitPrinc.dfm
UnitConfig.dfm
UnitDebug.dfm
Signaux_complexes_GL.res
Signaux_complexes_GL.drf


Program entry point at 0001:00186C50
