
 Start         Length     Name                   Class
 0001:00000000 0019E6D8H .text                   CODE
 0002:00000000 00002C20H .data                   DATA
 0002:00002C20 045A150DH .bss                    BSS


Detailed map of segments

 0001:00000000 00005EC7 C=CODE     S=.text    G=(none)   M=System   ACBP=A9
 0001:00005EC8 00000140 C=CODE     S=.text    G=(none)   M=SysInit  ACBP=A9
 0001:00006008 00000108 C=CODE     S=.text    G=(none)   M=Types    ACBP=A9
 0001:00006110 00000F08 C=CODE     S=.text    G=(none)   M=Windows  ACBP=A9
 0001:00007018 00000038 C=CODE     S=.text    G=(none)   M=Messages ACBP=A9
 0001:00007050 00000338 C=CODE     S=.text    G=(none)   M=SysConst ACBP=A9
 0001:00007388 00006E28 C=CODE     S=.text    G=(none)   M=SysUtils ACBP=A9
 0001:0000E1B0 0000081B C=CODE     S=.text    G=(none)   M=VarUtils ACBP=A9
 0001:0000E9CC 0000809A C=CODE     S=.text    G=(none)   M=Variants ACBP=A9
 0001:00016A68 000001A0 C=CODE     S=.text    G=(none)   M=RTLConsts ACBP=A9
 0001:00016C08 0000083C C=CODE     S=.text    G=(none)   M=TypInfo  ACBP=A9
 0001:00017444 00000358 C=CODE     S=.text    G=(none)   M=ActiveX  ACBP=A9
 0001:0001779C 0000A7EA C=CODE     S=.text    G=(none)   M=Classes  ACBP=A9
 0001:00021F88 00000370 C=CODE     S=.text    G=(none)   M=Consts   ACBP=A9
 0001:000222F8 00009BFB C=CODE     S=.text    G=(none)   M=Graphics ACBP=A9
 0001:0002BEF4 00000124 C=CODE     S=.text    G=(none)   M=Math     ACBP=A9
 0001:0002C018 000002B8 C=CODE     S=.text    G=(none)   M=Contnrs  ACBP=A9
 0001:0002C2D0 00000198 C=CODE     S=.text    G=(none)   M=CommCtrl ACBP=A9
 0001:0002C468 00000787 C=CODE     S=.text    G=(none)   M=MultiMon ACBP=A9
 0001:0002CBF0 00000038 C=CODE     S=.text    G=(none)   M=Imm      ACBP=A9
 0001:0002CC28 00000FF8 C=CODE     S=.text    G=(none)   M=HelpIntfs ACBP=A9
 0001:0002DC20 00000058 C=CODE     S=.text    G=(none)   M=WinSpool ACBP=A9
 0001:0002DC78 000010C8 C=CODE     S=.text    G=(none)   M=Printers ACBP=A9
 0001:0002ED40 0000031F C=CODE     S=.text    G=(none)   M=FlatSB   ACBP=A9
 0001:0002F060 000003F0 C=CODE     S=.text    G=(none)   M=SyncObjs ACBP=A9
 0001:0002F450 000009BB C=CODE     S=.text    G=(none)   M=UxTheme  ACBP=A9
 0001:0002FE0C 00000038 C=CODE     S=.text    G=(none)   M=RichEdit ACBP=A9
 0001:0002FE44 00000038 C=CODE     S=.text    G=(none)   M=ToolWin  ACBP=A9
 0001:0002FE7C 00000040 C=CODE     S=.text    G=(none)   M=ShellAPI ACBP=A9
 0001:0002FEBC 00000038 C=CODE     S=.text    G=(none)   M=RegStr   ACBP=A9
 0001:0002FEF4 00000058 C=CODE     S=.text    G=(none)   M=WinInet  ACBP=A9
 0001:0002FF4C 00000038 C=CODE     S=.text    G=(none)   M=UrlMon   ACBP=A9
 0001:0002FF84 0000006C C=CODE     S=.text    G=(none)   M=ShlObj   ACBP=A9
 0001:0002FFF0 00000060 C=CODE     S=.text    G=(none)   M=CommDlg  ACBP=A9
 0001:00030050 00000038 C=CODE     S=.text    G=(none)   M=Dlgs     ACBP=A9
 0001:00030088 000036D1 C=CODE     S=.text    G=(none)   M=Dialogs  ACBP=A9
 0001:0003375C 00004ADA C=CODE     S=.text    G=(none)   M=ExtCtrls ACBP=A9
 0001:00038238 00000090 C=CODE     S=.text    G=(none)   M=ComStrs  ACBP=A9
 0001:000382C8 000007A0 C=CODE     S=.text    G=(none)   M=Clipbrd  ACBP=A9
 0001:00038A68 00000128 C=CODE     S=.text    G=(none)   M=StrUtils ACBP=A9
 0001:00038B90 00003821 C=CODE     S=.text    G=(none)   M=Buttons  ACBP=A9
 0001:0003C3B4 00000038 C=CODE     S=.text    G=(none)   M=ExtDlgs  ACBP=A9
 0001:0003C3EC 00000068 C=CODE     S=.text    G=(none)   M=IniFiles ACBP=A9
 0001:0003C454 00000068 C=CODE     S=.text    G=(none)   M=Registry ACBP=A9
 0001:0003C4BC 0000006C C=CODE     S=.text    G=(none)   M=Mapi     ACBP=A9
 0001:0003C528 00000058 C=CODE     S=.text    G=(none)   M=ExtActns ACBP=A9
 0001:0003C580 00000038 C=CODE     S=.text    G=(none)   M=ListActns ACBP=A9
 0001:0003C5B8 00009948 C=CODE     S=.text    G=(none)   M=ComCtrls ACBP=A9
 0001:00045F00 00000EA0 C=CODE     S=.text    G=(none)   M=Themes   ACBP=A9
 0001:00046DA0 0000C698 C=CODE     S=.text    G=(none)   M=StdCtrls ACBP=A9
 0001:00053438 00000168 C=CODE     S=.text    G=(none)   M=StdActns ACBP=A9
 0001:000535A0 00000D1F C=CODE     S=.text    G=(none)   M=WinHelpViewer ACBP=A9
 0001:000542C0 00011403 C=CODE     S=.text    G=(none)   M=Controls ACBP=A9
 0001:000656C4 00001292 C=CODE     S=.text    G=(none)   M=ActnList ACBP=A9
 0001:00066958 00001B9C C=CODE     S=.text    G=(none)   M=ImgList  ACBP=A9
 0001:000684F4 000066E1 C=CODE     S=.text    G=(none)   M=Menus    ACBP=A9
 0001:0006EBD8 0000CEFC C=CODE     S=.text    G=(none)   M=Forms    ACBP=A9
 0001:0007BAD4 00000060 C=CODE     S=.text    G=(none)   M=ComConst ACBP=A9
 0001:0007BB34 00001259 C=CODE     S=.text    G=(none)   M=ComObj   ACBP=A9
 0001:0007CD90 00000038 C=CODE     S=.text    G=(none)   M=StdVCL   ACBP=A9
 0001:0007CDC8 00001793 C=CODE     S=.text    G=(none)   M=AxCtrls  ACBP=A9
 0001:0007E55C 00000060 C=CODE     S=.text    G=(none)   M=OleConst ACBP=A9
 0001:0007E5BC 00003519 C=CODE     S=.text    G=(none)   M=OleCtrls ACBP=A9
 0001:00081AD8 00000050 C=CODE     S=.text    G=(none)   M=JConsts  ACBP=A9
 0001:00081B28 000133EC C=CODE     S=.text    G=(none)   M=jpeg     ACBP=A9
 0001:00094F14 00000314 C=CODE     S=.text    G=(none)   M=TlHelp32 ACBP=A9
 0001:00095228 00000128 C=CODE     S=.text    G=(none)   M=WinSock  ACBP=A9
 0001:00095350 00003A78 C=CODE     S=.text    G=(none)   M=ScktComp ACBP=A9
 0001:00098DC8 000008EA C=CODE     S=.text    G=(none)   M=OleServer ACBP=A9
 0001:000996B4 00000598 C=CODE     S=.text    G=(none)   M=MSCommLib_TLB ACBP=A9
 0001:00099C4C 00000040 C=CODE     S=.text    G=(none)   M=MMSystem ACBP=A9
 0001:00099C8C 00000038 C=CODE     S=.text    G=(none)   M=Nb30     ACBP=A9
 0001:00099CC4 00000A18 C=CODE     S=.text    G=(none)   M=MaskUtils ACBP=A9
 0001:0009A6DC 00002108 C=CODE     S=.text    G=(none)   M=Mask     ACBP=A9
 0001:0009C7E4 0000924C C=CODE     S=.text    G=(none)   M=Grids    ACBP=A9
 0001:000A5A30 00001900 C=CODE     S=.text    G=(none)   M=UnitPilote ACBP=A9
 0001:000A7330 000004D0 C=CODE     S=.text    G=(none)   M=Importation ACBP=A9
 0001:000A7800 00013B20 C=CODE     S=.text    G=(none)   M=UnitAnalyseSegCDM ACBP=A9
 0001:000BB320 00002C44 C=CODE     S=.text    G=(none)   M=UnitConfigTCO ACBP=A9
 0001:000BDF64 00000D10 C=CODE     S=.text    G=(none)   M=Unit_Pilote_aig ACBP=A9
 0001:000BEC74 00004D74 C=CODE     S=.text    G=(none)   M=UnitConfigCellTCO ACBP=A9
 0001:000C39E8 000452B4 C=CODE     S=.text    G=(none)   M=UnitTCO  ACBP=A9
 0001:00108C9C 000030E4 C=CODE     S=.text    G=(none)   M=UnitSR   ACBP=A9
 0001:0010BD80 000027D4 C=CODE     S=.text    G=(none)   M=UnitCDF  ACBP=A9
 0001:0010E554 00040BD0 C=CODE     S=.text    G=(none)   M=UnitConfig ACBP=A9
 0001:0014F124 000017E7 C=CODE     S=.text    G=(none)   M=verif_version ACBP=A9
 0001:0015090C 000011D8 C=CODE     S=.text    G=(none)   M=UnitPareFeu ACBP=A9
 0001:00151AE4 00002B44 C=CODE     S=.text    G=(none)   M=UnitDebug ACBP=A9
 0001:00154628 00000D2C C=CODE     S=.text    G=(none)   M=UnitSimule ACBP=A9
 0001:00155354 00002580 C=CODE     S=.text    G=(none)   M=Unitplace ACBP=A9
 0001:001578D4 00046974 C=CODE     S=.text    G=(none)   M=UnitPrinc ACBP=A9
 0001:0019E248 0000048D C=CODE     S=.text    G=(none)   M=Signaux_complexes_GL ACBP=A9
 0002:00000000 000000CC C=DATA     S=.data    G=DGROUP   M=System   ACBP=A9
 0002:000000CC 00000020 C=DATA     S=.data    G=DGROUP   M=SysInit  ACBP=A9
 0002:000000EC 00000254 C=DATA     S=.data    G=DGROUP   M=SysUtils ACBP=A9
 0002:00000340 00000008 C=DATA     S=.data    G=DGROUP   M=VarUtils ACBP=A9
 0002:00000348 000001B2 C=DATA     S=.data    G=DGROUP   M=Variants ACBP=A9
 0002:000004FC 0000000C C=DATA     S=.data    G=DGROUP   M=TypInfo  ACBP=A9
 0002:00000508 00000010 C=DATA     S=.data    G=DGROUP   M=ActiveX  ACBP=A9
 0002:00000518 00000080 C=DATA     S=.data    G=DGROUP   M=Classes  ACBP=A9
 0002:00000598 0000030C C=DATA     S=.data    G=DGROUP   M=Graphics ACBP=A9
 0002:000008A4 00000004 C=DATA     S=.data    G=DGROUP   M=Printers ACBP=A9
 0002:000008A8 00000180 C=DATA     S=.data    G=DGROUP   M=Dialogs  ACBP=A9
 0002:00000A28 0000018C C=DATA     S=.data    G=DGROUP   M=ExtCtrls ACBP=A9
 0002:00000BB4 0000009E C=DATA     S=.data    G=DGROUP   M=Buttons  ACBP=A9
 0002:00000C54 00000008 C=DATA     S=.data    G=DGROUP   M=IniFiles ACBP=A9
 0002:00000C5C 00000008 C=DATA     S=.data    G=DGROUP   M=Registry ACBP=A9
 0002:00000C64 00000008 C=DATA     S=.data    G=DGROUP   M=Mapi     ACBP=A9
 0002:00000C6C 000000B9 C=DATA     S=.data    G=DGROUP   M=ComCtrls ACBP=A9
 0002:00000D28 00000068 C=DATA     S=.data    G=DGROUP   M=Themes   ACBP=A9
 0002:00000D90 00000154 C=DATA     S=.data    G=DGROUP   M=StdCtrls ACBP=A9
 0002:00000EE4 0000013C C=DATA     S=.data    G=DGROUP   M=Controls ACBP=A9
 0002:00001020 00000020 C=DATA     S=.data    G=DGROUP   M=ImgList  ACBP=A9
 0002:00001040 000000EC C=DATA     S=.data    G=DGROUP   M=Menus    ACBP=A9
 0002:0000112C 00000124 C=DATA     S=.data    G=DGROUP   M=Forms    ACBP=A9
 0002:00001250 00000030 C=DATA     S=.data    G=DGROUP   M=ComObj   ACBP=A9
 0002:00001280 0000002C C=DATA     S=.data    G=DGROUP   M=OleCtrls ACBP=A9
 0002:000012AC 00000908 C=DATA     S=.data    G=DGROUP   M=jpeg     ACBP=A9
 0002:00001BB4 00000058 C=DATA     S=.data    G=DGROUP   M=MSCommLib_TLB ACBP=A9
 0002:00001C0C 00000009 C=DATA     S=.data    G=DGROUP   M=MaskUtils ACBP=A9
 0002:00001C18 00000004 C=DATA     S=.data    G=DGROUP   M=Mask     ACBP=A9
 0002:00001C1C 00000006 C=DATA     S=.data    G=DGROUP   M=Grids    ACBP=A9
 0002:00001C24 000000D4 C=DATA     S=.data    G=DGROUP   M=UnitTCO  ACBP=A9
 0002:00001CF8 0000060D C=DATA     S=.data    G=DGROUP   M=UnitPrinc ACBP=A9
 0002:00003000 00000664 C=BSS      S=.bss     G=DGROUP   M=System   ACBP=A9
 0002:00003664 00000010 C=BSS      S=.bss     G=DGROUP   M=SysInit  ACBP=A9
 0002:00003674 00000004 C=BSS      S=.bss     G=DGROUP   M=Types    ACBP=A9
 0002:00003678 00000004 C=BSS      S=.bss     G=DGROUP   M=Windows  ACBP=A9
 0002:0000367C 00000004 C=BSS      S=.bss     G=DGROUP   M=Messages ACBP=A9
 0002:00003680 00000004 C=BSS      S=.bss     G=DGROUP   M=SysConst ACBP=A9
 0002:00003684 00000120 C=BSS      S=.bss     G=DGROUP   M=SysUtils ACBP=A9
 0002:000037A4 0000005C C=BSS      S=.bss     G=DGROUP   M=VarUtils ACBP=A9
 0002:00003800 00000040 C=BSS      S=.bss     G=DGROUP   M=Variants ACBP=A9
 0002:00003840 00000004 C=BSS      S=.bss     G=DGROUP   M=RTLConsts ACBP=A9
 0002:00003844 00000004 C=BSS      S=.bss     G=DGROUP   M=TypInfo  ACBP=A9
 0002:00003848 00000004 C=BSS      S=.bss     G=DGROUP   M=ActiveX  ACBP=A9
 0002:0000384C 00000044 C=BSS      S=.bss     G=DGROUP   M=Classes  ACBP=A9
 0002:00003890 00000004 C=BSS      S=.bss     G=DGROUP   M=Consts   ACBP=A9
 0002:00003894 00000060 C=BSS      S=.bss     G=DGROUP   M=Graphics ACBP=A9
 0002:000038F4 00000004 C=BSS      S=.bss     G=DGROUP   M=Math     ACBP=A9
 0002:000038F8 00000004 C=BSS      S=.bss     G=DGROUP   M=Contnrs  ACBP=A9
 0002:000038FC 0000000C C=BSS      S=.bss     G=DGROUP   M=CommCtrl ACBP=A9
 0002:00003908 00000031 C=BSS      S=.bss     G=DGROUP   M=MultiMon ACBP=A9
 0002:0000393C 00000004 C=BSS      S=.bss     G=DGROUP   M=Imm      ACBP=A9
 0002:00003940 00000008 C=BSS      S=.bss     G=DGROUP   M=HelpIntfs ACBP=A9
 0002:00003948 00000004 C=BSS      S=.bss     G=DGROUP   M=WinSpool ACBP=A9
 0002:0000394C 00000004 C=BSS      S=.bss     G=DGROUP   M=Printers ACBP=A9
 0002:00003950 00000034 C=BSS      S=.bss     G=DGROUP   M=FlatSB   ACBP=A9
 0002:00003984 00000004 C=BSS      S=.bss     G=DGROUP   M=SyncObjs ACBP=A9
 0002:00003988 000000CC C=BSS      S=.bss     G=DGROUP   M=UxTheme  ACBP=A9
 0002:00003A54 00000004 C=BSS      S=.bss     G=DGROUP   M=RichEdit ACBP=A9
 0002:00003A58 00000004 C=BSS      S=.bss     G=DGROUP   M=ToolWin  ACBP=A9
 0002:00003A5C 00000004 C=BSS      S=.bss     G=DGROUP   M=ShellAPI ACBP=A9
 0002:00003A60 00000004 C=BSS      S=.bss     G=DGROUP   M=RegStr   ACBP=A9
 0002:00003A64 00000004 C=BSS      S=.bss     G=DGROUP   M=WinInet  ACBP=A9
 0002:00003A68 00000004 C=BSS      S=.bss     G=DGROUP   M=UrlMon   ACBP=A9
 0002:00003A6C 00000004 C=BSS      S=.bss     G=DGROUP   M=ShlObj   ACBP=A9
 0002:00003A70 00000004 C=BSS      S=.bss     G=DGROUP   M=CommDlg  ACBP=A9
 0002:00003A74 00000004 C=BSS      S=.bss     G=DGROUP   M=Dlgs     ACBP=A9
 0002:00003A78 0000003C C=BSS      S=.bss     G=DGROUP   M=Dialogs  ACBP=A9
 0002:00003AB4 00000004 C=BSS      S=.bss     G=DGROUP   M=ExtCtrls ACBP=A9
 0002:00003AB8 00000004 C=BSS      S=.bss     G=DGROUP   M=ComStrs  ACBP=A9
 0002:00003ABC 0000000C C=BSS      S=.bss     G=DGROUP   M=Clipbrd  ACBP=A9
 0002:00003AC8 00000004 C=BSS      S=.bss     G=DGROUP   M=StrUtils ACBP=A9
 0002:00003ACC 00000030 C=BSS      S=.bss     G=DGROUP   M=Buttons  ACBP=A9
 0002:00003AFC 00000004 C=BSS      S=.bss     G=DGROUP   M=ExtDlgs  ACBP=A9
 0002:00003B00 00000004 C=BSS      S=.bss     G=DGROUP   M=IniFiles ACBP=A9
 0002:00003B04 00000004 C=BSS      S=.bss     G=DGROUP   M=Registry ACBP=A9
 0002:00003B08 00000004 C=BSS      S=.bss     G=DGROUP   M=Mapi     ACBP=A9
 0002:00003B0C 00000009 C=BSS      S=.bss     G=DGROUP   M=ExtActns ACBP=A9
 0002:00003B18 00000004 C=BSS      S=.bss     G=DGROUP   M=ListActns ACBP=A9
 0002:00003B1C 00000010 C=BSS      S=.bss     G=DGROUP   M=ComCtrls ACBP=A9
 0002:00003B2C 00000008 C=BSS      S=.bss     G=DGROUP   M=Themes   ACBP=A9
 0002:00003B34 00000004 C=BSS      S=.bss     G=DGROUP   M=StdCtrls ACBP=A9
 0002:00003B38 00000004 C=BSS      S=.bss     G=DGROUP   M=StdActns ACBP=A9
 0002:00003B3C 00000014 C=BSS      S=.bss     G=DGROUP   M=WinHelpViewer ACBP=A9
 0002:00003B50 00000080 C=BSS      S=.bss     G=DGROUP   M=Controls ACBP=A9
 0002:00003BD0 00000004 C=BSS      S=.bss     G=DGROUP   M=ActnList ACBP=A9
 0002:00003BD4 0000000C C=BSS      S=.bss     G=DGROUP   M=ImgList  ACBP=A9
 0002:00003BE0 00000010 C=BSS      S=.bss     G=DGROUP   M=Menus    ACBP=A9
 0002:00003BF0 00000020 C=BSS      S=.bss     G=DGROUP   M=Forms    ACBP=A9
 0002:00003C10 00000004 C=BSS      S=.bss     G=DGROUP   M=ComConst ACBP=A9
 0002:00003C14 00000011 C=BSS      S=.bss     G=DGROUP   M=ComObj   ACBP=A9
 0002:00003C28 00000004 C=BSS      S=.bss     G=DGROUP   M=StdVCL   ACBP=A9
 0002:00003C2C 0000001C C=BSS      S=.bss     G=DGROUP   M=AxCtrls  ACBP=A9
 0002:00003C48 00000004 C=BSS      S=.bss     G=DGROUP   M=OleConst ACBP=A9
 0002:00003C4C 00000014 C=BSS      S=.bss     G=DGROUP   M=OleCtrls ACBP=A9
 0002:00003C60 00000004 C=BSS      S=.bss     G=DGROUP   M=JConsts  ACBP=A9
 0002:00003C64 00000004 C=BSS      S=.bss     G=DGROUP   M=jpeg     ACBP=A9
 0002:00003C68 00000048 C=BSS      S=.bss     G=DGROUP   M=TlHelp32 ACBP=A9
 0002:00003CB0 00000004 C=BSS      S=.bss     G=DGROUP   M=WinSock  ACBP=A9
 0002:00003CB4 00000194 C=BSS      S=.bss     G=DGROUP   M=ScktComp ACBP=A9
 0002:00003E48 00000004 C=BSS      S=.bss     G=DGROUP   M=OleServer ACBP=A9
 0002:00003E4C 00000004 C=BSS      S=.bss     G=DGROUP   M=MSCommLib_TLB ACBP=A9
 0002:00003E50 00000004 C=BSS      S=.bss     G=DGROUP   M=MMSystem ACBP=A9
 0002:00003E54 00000004 C=BSS      S=.bss     G=DGROUP   M=Nb30     ACBP=A9
 0002:00003E58 00000004 C=BSS      S=.bss     G=DGROUP   M=MaskUtils ACBP=A9
 0002:00003E5C 00000004 C=BSS      S=.bss     G=DGROUP   M=Mask     ACBP=A9
 0002:00003E60 00000004 C=BSS      S=.bss     G=DGROUP   M=Grids    ACBP=A9
 0002:00003E64 00000010 C=BSS      S=.bss     G=DGROUP   M=UnitPilote ACBP=A9
 0002:00003E74 00000010 C=BSS      S=.bss     G=DGROUP   M=Importation ACBP=A9
 0002:00003E84 00003DC0 C=BSS      S=.bss     G=DGROUP   M=UnitAnalyseSegCDM ACBP=A9
 0002:00007C44 00000014 C=BSS      S=.bss     G=DGROUP   M=UnitConfigTCO ACBP=A9
 0002:00007C58 00000014 C=BSS      S=.bss     G=DGROUP   M=Unit_Pilote_aig ACBP=A9
 0002:00007C6C 00000014 C=BSS      S=.bss     G=DGROUP   M=UnitConfigCellTCO ACBP=A9
 0002:00007C80 004186C8 C=BSS      S=.bss     G=DGROUP   M=UnitTCO  ACBP=A9
 0002:00420348 00000010 C=BSS      S=.bss     G=DGROUP   M=UnitSR   ACBP=A9
 0002:00420358 00000014 C=BSS      S=.bss     G=DGROUP   M=UnitCDF  ACBP=A9
 0002:0042036C 000004FC C=BSS      S=.bss     G=DGROUP   M=UnitConfig ACBP=A9
 0002:00420868 00000018 C=BSS      S=.bss     G=DGROUP   M=verif_version ACBP=A9
 0002:00420880 00000004 C=BSS      S=.bss     G=DGROUP   M=UnitPareFeu ACBP=A9
 0002:00420884 0000002C C=BSS      S=.bss     G=DGROUP   M=UnitDebug ACBP=A9
 0002:004208B0 0000000C C=BSS      S=.bss     G=DGROUP   M=UnitSimule ACBP=A9
 0002:004208BC 00000008 C=BSS      S=.bss     G=DGROUP   M=Unitplace ACBP=A9
 0002:004208C4 04183C48 C=BSS      S=.bss     G=DGROUP   M=UnitPrinc ACBP=A9

Bound resource files

c:\program files (x86)\borland\delphi7\Lib\Buttons.res
c:\program files (x86)\borland\delphi7\Lib\ExtDlgs.res
c:\program files (x86)\borland\delphi7\Lib\Controls.res
UnitPilote.dfm
Importation.dfm
UnitAnalyseSegCDM.dfm
UnitConfigTCO.dfm
Unit_Pilote_aig.dfm
UnitConfigCellTCO.dfm
UnitTCO.dfm
UnitSR.dfm
UnitCDF.dfm
UnitConfig.dfm
verif_version.dfm
UnitDebug.dfm
UnitSimule.dfm
Unitplace.dfm
UnitPrinc.dfm
Signaux_complexes_GL.res
Signaux_complexes_GL.drf


Program entry point at 0001:0019E558
